Running queries.
Resolving data extensions.
Finished resolving data extensions.
Loading data extensions.
Finished loading data extensions.
Not caching stages during query-loading, since max heap size is only 1800 MB.
[1/183] Loaded /home/jefferson/.cache/xverse-codeql-2.27.1/selected/codeql/qlpacks/codeql/cpp-queries/1.9.0/Header Cleanup/Cleanup-DuplicateIncludeGuard.qlx.
[2/183] Loaded /home/jefferson/.cache/xverse-codeql-2.27.1/selected/codeql/qlpacks/codeql/cpp-queries/1.9.0/Documentation/FixmeComments.qlx.
[3/183] Loaded /home/jefferson/.cache/xverse-codeql-2.27.1/selected/codeql/qlpacks/codeql/cpp-queries/1.9.0/Documentation/CommentedOutCode.qlx.
[4/183] Loaded /home/jefferson/.cache/xverse-codeql-2.27.1/selected/codeql/qlpacks/codeql/cpp-queries/1.9.0/Critical/LargeParameter.qlx.
[5/183] Loaded /home/jefferson/.cache/xverse-codeql-2.27.1/selected/codeql/qlpacks/codeql/cpp-queries/1.9.0/Critical/DeadCodeGoto.qlx.
[6/183] Loaded /home/jefferson/.cache/xverse-codeql-2.27.1/selected/codeql/qlpacks/codeql/cpp-queries/1.9.0/Critical/IncorrectCheckScanf.qlx.
[7/183] Loaded /home/jefferson/.cache/xverse-codeql-2.27.1/selected/codeql/qlpacks/codeql/cpp-queries/1.9.0/Critical/NewDeleteArrayMismatch.qlx.
[8/183] Loaded /home/jefferson/.cache/xverse-codeql-2.27.1/selected/codeql/qlpacks/codeql/cpp-queries/1.9.0/Critical/UseAfterFree.qlx.
[9/183] Loaded /home/jefferson/.cache/xverse-codeql-2.27.1/selected/codeql/qlpacks/codeql/cpp-queries/1.9.0/Critical/NewArrayDeleteMismatch.qlx.
[10/183] Loaded /home/jefferson/.cache/xverse-codeql-2.27.1/selected/codeql/qlpacks/codeql/cpp-queries/1.9.0/Critical/DoubleFree.qlx.
[11/183] Loaded /home/jefferson/.cache/xverse-codeql-2.27.1/selected/codeql/qlpacks/codeql/cpp-queries/1.9.0/Critical/NewFreeMismatch.qlx.
[12/183] Loaded /home/jefferson/.cache/xverse-codeql-2.27.1/selected/codeql/qlpacks/codeql/cpp-queries/1.9.0/Likely Bugs/ContinueInFalseLoop.qlx.
[13/183] Loaded /home/jefferson/.cache/xverse-codeql-2.27.1/selected/codeql/qlpacks/codeql/cpp-queries/1.9.0/Likely Bugs/Conversion/LossyPointerCast.qlx.
[14/183] Loaded /home/jefferson/.cache/xverse-codeql-2.27.1/selected/codeql/qlpacks/codeql/cpp-queries/1.9.0/Likely Bugs/Conversion/ArrayArgSizeMismatch.qlx.
[15/183] Loaded /home/jefferson/.cache/xverse-codeql-2.27.1/selected/codeql/qlpacks/codeql/cpp-queries/1.9.0/Critical/OverflowStatic.qlx.
[16/183] Loaded /home/jefferson/.cache/xverse-codeql-2.27.1/selected/codeql/qlpacks/codeql/cpp-queries/1.9.0/Likely Bugs/Conversion/ImplicitDowncastFromBitfield.qlx.
[17/183] Loaded /home/jefferson/.cache/xverse-codeql-2.27.1/selected/codeql/qlpacks/codeql/cpp-queries/1.9.0/Likely Bugs/Arithmetic/UnsignedGEZero.qlx.
[18/183] Loaded /home/jefferson/.cache/xverse-codeql-2.27.1/selected/codeql/qlpacks/codeql/cpp-queries/1.9.0/Likely Bugs/Arithmetic/PointlessSelfComparison.qlx.
[19/183] Loaded /home/jefferson/.cache/xverse-codeql-2.27.1/selected/codeql/qlpacks/codeql/cpp-queries/1.9.0/Likely Bugs/Conversion/CastArrayPointerArithmetic.qlx.
[20/183] Loaded /home/jefferson/.cache/xverse-codeql-2.27.1/selected/codeql/qlpacks/codeql/cpp-queries/1.9.0/Likely Bugs/Arithmetic/FloatComparison.qlx.
[21/183] Loaded /home/jefferson/.cache/xverse-codeql-2.27.1/selected/codeql/qlpacks/codeql/cpp-queries/1.9.0/Likely Bugs/Arithmetic/ComparisonPrecedence.qlx.
[22/183] Loaded /home/jefferson/.cache/xverse-codeql-2.27.1/selected/codeql/qlpacks/codeql/cpp-queries/1.9.0/Likely Bugs/Arithmetic/IntMultToLong.qlx.
[23/183] Loaded /home/jefferson/.cache/xverse-codeql-2.27.1/selected/codeql/qlpacks/codeql/cpp-queries/1.9.0/Likely Bugs/Arithmetic/BadAdditionOverflowCheck.qlx.
[24/183] Loaded /home/jefferson/.cache/xverse-codeql-2.27.1/selected/codeql/qlpacks/codeql/cpp-queries/1.9.0/Likely Bugs/Arithmetic/PointlessComparison.qlx.
[25/183] Loaded /home/jefferson/.cache/xverse-codeql-2.27.1/selected/codeql/qlpacks/codeql/cpp-queries/1.9.0/Likely Bugs/Arithmetic/BitwiseSignCheck.qlx.
[26/183] Loaded /home/jefferson/.cache/xverse-codeql-2.27.1/selected/codeql/qlpacks/codeql/cpp-queries/1.9.0/Likely Bugs/Arithmetic/SignedOverflowCheck.qlx.
[27/183] Loaded /home/jefferson/.cache/xverse-codeql-2.27.1/selected/codeql/qlpacks/codeql/cpp-queries/1.9.0/Likely Bugs/ReturnConstType.qlx.
[28/183] Loaded /home/jefferson/.cache/xverse-codeql-2.27.1/selected/codeql/qlpacks/codeql/cpp-queries/1.9.0/Likely Bugs/RedundantNullCheckSimple.qlx.
[29/183] Loaded /home/jefferson/.cache/xverse-codeql-2.27.1/selected/codeql/qlpacks/codeql/cpp-queries/1.9.0/Likely Bugs/Likely Typos/AmbiguousAssignmentOfComparison.qlx.
[30/183] Loaded /home/jefferson/.cache/xverse-codeql-2.27.1/selected/codeql/qlpacks/codeql/cpp-queries/1.9.0/Likely Bugs/Likely Typos/CompareWhereAssignMeant.qlx.
[31/183] Loaded /home/jefferson/.cache/xverse-codeql-2.27.1/selected/codeql/qlpacks/codeql/cpp-queries/1.9.0/Likely Bugs/Likely Typos/UsingStrcpyAsBoolean.qlx.
[32/183] Loaded /home/jefferson/.cache/xverse-codeql-2.27.1/selected/codeql/qlpacks/codeql/cpp-queries/1.9.0/Likely Bugs/Likely Typos/ExprHasNoEffect.qlx.
[33/183] Loaded /home/jefferson/.cache/xverse-codeql-2.27.1/selected/codeql/qlpacks/codeql/cpp-queries/1.9.0/Likely Bugs/Likely Typos/ShortCircuitBitMask.qlx.
[34/183] Loaded /home/jefferson/.cache/xverse-codeql-2.27.1/selected/codeql/qlpacks/codeql/cpp-queries/1.9.0/Likely Bugs/Likely Typos/AssignWhereCompareMeant.qlx.
[35/183] Loaded /home/jefferson/.cache/xverse-codeql-2.27.1/selected/codeql/qlpacks/codeql/cpp-queries/1.9.0/Likely Bugs/Likely Typos/FutileConditional.qlx.
[36/183] Loaded /home/jefferson/.cache/xverse-codeql-2.27.1/selected/codeql/qlpacks/codeql/cpp-queries/1.9.0/Likely Bugs/Likely Typos/DubiousNullCheck.qlx.
[37/183] Loaded /home/jefferson/.cache/xverse-codeql-2.27.1/selected/codeql/qlpacks/codeql/cpp-queries/1.9.0/Likely Bugs/OO/IncorrectConstructorDelegation.qlx.
[38/183] Loaded /home/jefferson/.cache/xverse-codeql-2.27.1/selected/codeql/qlpacks/codeql/cpp-queries/1.9.0/Likely Bugs/Likely Typos/inconsistentLoopDirection.qlx.
[39/183] Loaded /home/jefferson/.cache/xverse-codeql-2.27.1/selected/codeql/qlpacks/codeql/cpp-queries/1.9.0/Likely Bugs/OO/UnsafeUseOfThis.qlx.
[40/183] Loaded /home/jefferson/.cache/xverse-codeql-2.27.1/selected/codeql/qlpacks/codeql/cpp-queries/1.9.0/Likely Bugs/OO/NonVirtualDestructorInBaseClass.qlx.
[41/183] Loaded /home/jefferson/.cache/xverse-codeql-2.27.1/selected/codeql/qlpacks/codeql/cpp-queries/1.9.0/Likely Bugs/OO/ThrowInDestructor.qlx.
[42/183] Loaded /home/jefferson/.cache/xverse-codeql-2.27.1/selected/codeql/qlpacks/codeql/cpp-queries/1.9.0/Likely Bugs/Format/WrongNumberOfFormatArguments.qlx.
[43/183] Loaded /home/jefferson/.cache/xverse-codeql-2.27.1/selected/codeql/qlpacks/codeql/cpp-queries/1.9.0/Likely Bugs/Format/WrongTypeFormatArguments.qlx.
[44/183] Loaded /home/jefferson/.cache/xverse-codeql-2.27.1/selected/codeql/qlpacks/codeql/cpp-queries/1.9.0/Likely Bugs/Format/SnprintfOverflow.qlx.
[45/183] Loaded /home/jefferson/.cache/xverse-codeql-2.27.1/selected/codeql/qlpacks/codeql/cpp-queries/1.9.0/Likely Bugs/Format/TooManyFormatArguments.qlx.
[46/183] Loaded /home/jefferson/.cache/xverse-codeql-2.27.1/selected/codeql/qlpacks/codeql/cpp-queries/1.9.0/Likely Bugs/AmbiguouslySignedBitField.qlx.
[47/183] Loaded /home/jefferson/.cache/xverse-codeql-2.27.1/selected/codeql/qlpacks/codeql/cpp-queries/1.9.0/Likely Bugs/Underspecified Functions/TooManyArguments.qlx.
[48/183] Loaded /home/jefferson/.cache/xverse-codeql-2.27.1/selected/codeql/qlpacks/codeql/cpp-queries/1.9.0/Likely Bugs/Format/NonConstantFormat.qlx.
[49/183] Loaded /home/jefferson/.cache/xverse-codeql-2.27.1/selected/codeql/qlpacks/codeql/cpp-queries/1.9.0/Likely Bugs/Underspecified Functions/ImplicitFunctionDeclaration.qlx.
[50/183] Loaded /home/jefferson/.cache/xverse-codeql-2.27.1/selected/codeql/qlpacks/codeql/cpp-queries/1.9.0/Likely Bugs/Underspecified Functions/TooFewArguments.qlx.
[51/183] Loaded /home/jefferson/.cache/xverse-codeql-2.27.1/selected/codeql/qlpacks/codeql/cpp-queries/1.9.0/Likely Bugs/Memory Management/SuspiciousCallToStrncat.qlx.
[52/183] Loaded /home/jefferson/.cache/xverse-codeql-2.27.1/selected/codeql/qlpacks/codeql/cpp-queries/1.9.0/Likely Bugs/Memory Management/ReturnStackAllocatedMemory.qlx.
[53/183] Loaded /home/jefferson/.cache/xverse-codeql-2.27.1/selected/codeql/qlpacks/codeql/cpp-queries/1.9.0/Likely Bugs/Memory Management/PointerOverflow.qlx.
[54/183] Loaded /home/jefferson/.cache/xverse-codeql-2.27.1/selected/codeql/qlpacks/codeql/cpp-queries/1.9.0/Likely Bugs/Memory Management/UsingExpiredStackAddress.qlx.
[55/183] Loaded /home/jefferson/.cache/xverse-codeql-2.27.1/selected/codeql/qlpacks/codeql/cpp-queries/1.9.0/Likely Bugs/Memory Management/ReturnCstrOfLocalStdString.qlx.
[56/183] Loaded /home/jefferson/.cache/xverse-codeql-2.27.1/selected/codeql/qlpacks/codeql/cpp-queries/1.9.0/Likely Bugs/UseInOwnInitializer.qlx.
[57/183] Loaded /home/jefferson/.cache/xverse-codeql-2.27.1/selected/codeql/qlpacks/codeql/cpp-queries/1.9.0/Likely Bugs/ReturnConstTypeMember.qlx.
[58/183] Loaded /home/jefferson/.cache/xverse-codeql-2.27.1/selected/codeql/qlpacks/codeql/cpp-queries/1.9.0/Best Practices/Unused Entities/UnusedLocals.qlx.
[59/183] Loaded /home/jefferson/.cache/xverse-codeql-2.27.1/selected/codeql/qlpacks/codeql/cpp-queries/1.9.0/Likely Bugs/Memory Management/AllocaInLoop.qlx.
[60/183] Loaded /home/jefferson/.cache/xverse-codeql-2.27.1/selected/codeql/qlpacks/codeql/cpp-queries/1.9.0/Best Practices/Unused Entities/UnusedStaticFunctions.qlx.
[61/183] Loaded /home/jefferson/.cache/xverse-codeql-2.27.1/selected/codeql/qlpacks/codeql/cpp-queries/1.9.0/Best Practices/Unused Entities/UnusedStaticVariables.qlx.
[62/183] Loaded /home/jefferson/.cache/xverse-codeql-2.27.1/selected/codeql/qlpacks/codeql/cpp-queries/1.9.0/Best Practices/BlockWithTooManyStatements.qlx.
[63/183] Loaded /home/jefferson/.cache/xverse-codeql-2.27.1/selected/codeql/qlpacks/codeql/cpp-queries/1.9.0/Best Practices/SwitchLongCase.qlx.
[64/183] Loaded /home/jefferson/.cache/xverse-codeql-2.27.1/selected/codeql/qlpacks/codeql/cpp-queries/1.9.0/Best Practices/UseOfGoto.qlx.
[65/183] Loaded /home/jefferson/.cache/xverse-codeql-2.27.1/selected/codeql/qlpacks/codeql/cpp-queries/1.9.0/Best Practices/Likely Errors/Slicing.qlx.
[66/183] Loaded /home/jefferson/.cache/xverse-codeql-2.27.1/selected/codeql/qlpacks/codeql/cpp-queries/1.9.0/Best Practices/Likely Errors/EmptyBlock.qlx.
[67/183] Loaded /home/jefferson/.cache/xverse-codeql-2.27.1/selected/codeql/qlpacks/codeql/cpp-queries/1.9.0/Best Practices/ComplexCondition.qlx.
[68/183] Loaded /home/jefferson/.cache/xverse-codeql-2.27.1/selected/codeql/qlpacks/codeql/cpp-queries/1.9.0/Best Practices/RuleOfTwo.qlx.
[69/183] Loaded /home/jefferson/.cache/xverse-codeql-2.27.1/selected/codeql/qlpacks/codeql/cpp-queries/1.9.0/Best Practices/Exceptions/LeakyCatch.qlx.
[70/183] Loaded /home/jefferson/.cache/xverse-codeql-2.27.1/selected/codeql/qlpacks/codeql/cpp-queries/1.9.0/Best Practices/Exceptions/CatchingByValue.qlx.
[71/183] Loaded /home/jefferson/.cache/xverse-codeql-2.27.1/selected/codeql/qlpacks/codeql/cpp-queries/1.9.0/Best Practices/GuardedFree.qlx.
[72/183] Loaded /home/jefferson/.cache/xverse-codeql-2.27.1/selected/codeql/qlpacks/codeql/cpp-queries/1.9.0/Best Practices/Exceptions/AccidentalRethrow.qlx.
[73/183] Loaded /home/jefferson/.cache/xverse-codeql-2.27.1/selected/codeql/qlpacks/codeql/cpp-queries/1.9.0/Best Practices/Exceptions/ThrowingPointers.qlx.
[74/183] Loaded /home/jefferson/.cache/xverse-codeql-2.27.1/selected/codeql/qlpacks/codeql/cpp-queries/1.9.0/Best Practices/Hiding/LocalVariableHidesGlobalVariable.qlx.
[75/183] Loaded /home/jefferson/.cache/xverse-codeql-2.27.1/selected/codeql/qlpacks/codeql/cpp-queries/1.9.0/Best Practices/Hiding/DeclarationHidesVariable.qlx.
[76/183] Loaded /home/jefferson/.cache/xverse-codeql-2.27.1/selected/codeql/qlpacks/codeql/cpp-queries/1.9.0/Best Practices/Hiding/DeclarationHidesParameter.qlx.
[77/183] Loaded /home/jefferson/.cache/xverse-codeql-2.27.1/selected/codeql/qlpacks/codeql/cpp-queries/1.9.0/Best Practices/SloppyGlobal.qlx.
[78/183] Loaded /home/jefferson/.cache/xverse-codeql-2.27.1/selected/codeql/qlpacks/codeql/cpp-queries/1.9.0/jsf/4.16 Initialization/AV Rule 145.qlx.
[79/183] Loaded /home/jefferson/.cache/xverse-codeql-2.27.1/selected/codeql/qlpacks/codeql/cpp-queries/1.9.0/jsf/4.13 Functions/AV Rule 107.qlx.
[80/183] Loaded /home/jefferson/.cache/xverse-codeql-2.27.1/selected/codeql/qlpacks/codeql/cpp-queries/1.9.0/jsf/4.13 Functions/AV Rule 114.qlx.
[81/183] Loaded /home/jefferson/.cache/xverse-codeql-2.27.1/selected/codeql/qlpacks/codeql/cpp-queries/1.9.0/jsf/4.06 Pre-Processing Directives/AV Rule 32.qlx.
[82/183] Loaded /home/jefferson/.cache/xverse-codeql-2.27.1/selected/codeql/qlpacks/codeql/cpp-queries/1.9.0/jsf/4.10 Classes/AV Rule 71.1.qlx.
[83/183] Loaded /home/jefferson/.cache/xverse-codeql-2.27.1/selected/codeql/qlpacks/codeql/cpp-queries/1.9.0/jsf/4.10 Classes/AV Rule 88.qlx.
[84/183] Loaded /home/jefferson/.cache/xverse-codeql-2.27.1/selected/codeql/qlpacks/codeql/cpp-queries/1.9.0/jsf/4.10 Classes/AV Rule 95.qlx.
[85/183] Loaded /home/jefferson/.cache/xverse-codeql-2.27.1/selected/codeql/qlpacks/codeql/cpp-queries/1.9.0/jsf/4.10 Classes/AV Rule 82.qlx.
[86/183] Loaded /home/jefferson/.cache/xverse-codeql-2.27.1/selected/codeql/qlpacks/codeql/cpp-queries/1.9.0/jsf/4.10 Classes/AV Rule 89.qlx.
[87/183] Loaded /home/jefferson/.cache/xverse-codeql-2.27.1/selected/codeql/qlpacks/codeql/cpp-queries/1.9.0/jsf/4.10 Classes/AV Rule 97.qlx.
[88/183] Loaded /home/jefferson/.cache/xverse-codeql-2.27.1/selected/codeql/qlpacks/codeql/cpp-queries/1.9.0/jsf/4.24 Control Flow Structures/AV Rule 196.qlx.
[89/183] Loaded /home/jefferson/.cache/xverse-codeql-2.27.1/selected/codeql/qlpacks/codeql/cpp-queries/1.9.0/jsf/4.10 Classes/AV Rule 79.qlx.
[90/183] Loaded /home/jefferson/.cache/xverse-codeql-2.27.1/selected/codeql/qlpacks/codeql/cpp-queries/1.9.0/jsf/4.24 Control Flow Structures/AV Rule 197.qlx.
[91/183] Loaded /home/jefferson/.cache/xverse-codeql-2.27.1/selected/codeql/qlpacks/codeql/cpp-queries/1.9.0/jsf/4.07 Header Files/AV Rule 35.qlx.
[92/183] Loaded /home/jefferson/.cache/xverse-codeql-2.27.1/selected/codeql/qlpacks/codeql/cpp-queries/1.9.0/jsf/4.24 Control Flow Structures/AV Rule 201.qlx.
[93/183] Loaded /home/jefferson/.cache/xverse-codeql-2.27.1/selected/codeql/qlpacks/codeql/cpp-queries/1.9.0/Security/CWE/CWE-732/OpenCallMissingModeArgument.qlx.
[94/183] Loaded /home/jefferson/.cache/xverse-codeql-2.27.1/selected/codeql/qlpacks/codeql/cpp-queries/1.9.0/jsf/4.21 Operators/AV Rule 166.qlx.
[95/183] Loaded /home/jefferson/.cache/xverse-codeql-2.27.1/selected/codeql/qlpacks/codeql/cpp-queries/1.9.0/Security/CWE/CWE-120/VeryLikelyOverrunWrite.qlx.
[96/183] Loaded /home/jefferson/.cache/xverse-codeql-2.27.1/selected/codeql/qlpacks/codeql/cpp-queries/1.9.0/Security/CWE/CWE-732/UnsafeDaclSecurityDescriptor.qlx.
[97/183] Loaded /home/jefferson/.cache/xverse-codeql-2.27.1/selected/codeql/qlpacks/codeql/cpp-queries/1.9.0/Security/CWE/CWE-120/BadlyBoundedWrite.qlx.
[98/183] Loaded /home/jefferson/.cache/xverse-codeql-2.27.1/selected/codeql/qlpacks/codeql/cpp-queries/1.9.0/Security/CWE/CWE-134/UncontrolledFormatString.qlx.
[99/183] Loaded /home/jefferson/.cache/xverse-codeql-2.27.1/selected/codeql/qlpacks/codeql/cpp-queries/1.9.0/Security/CWE/CWE-327/BrokenCryptoAlgorithm.qlx.
[100/183] Loaded /home/jefferson/.cache/xverse-codeql-2.27.1/selected/codeql/qlpacks/codeql/cpp-queries/1.9.0/Security/CWE/CWE-327/OpenSslHeartbleed.qlx.
[101/183] Loaded /home/jefferson/.cache/xverse-codeql-2.27.1/selected/codeql/qlpacks/codeql/cpp-queries/1.9.0/Security/CWE/CWE-191/UnsignedDifferenceExpressionComparedZero.qlx.
[102/183] Loaded /home/jefferson/.cache/xverse-codeql-2.27.1/selected/codeql/qlpacks/codeql/cpp-queries/1.9.0/Security/CWE/CWE-367/TOCTOUFilesystemRace.qlx.
[103/183] Loaded /home/jefferson/.cache/xverse-codeql-2.27.1/selected/codeql/qlpacks/codeql/cpp-queries/1.9.0/Security/CWE/CWE-416/UseOfStringAfterLifetimeEnds.qlx.
[104/183] Loaded /home/jefferson/.cache/xverse-codeql-2.27.1/selected/codeql/qlpacks/codeql/cpp-queries/1.9.0/Security/CWE/CWE-131/NoSpaceForZeroTerminator.qlx.
[105/183] Loaded /home/jefferson/.cache/xverse-codeql-2.27.1/selected/codeql/qlpacks/codeql/cpp-queries/1.9.0/Security/CWE/CWE-416/UseOfUniquePointerAfterLifetimeEnds.qlx.
[106/183] Loaded /home/jefferson/.cache/xverse-codeql-2.27.1/selected/codeql/qlpacks/codeql/cpp-queries/1.9.0/Security/CWE/CWE-014/MemsetMayBeDeleted.qlx.
[107/183] Loaded /home/jefferson/.cache/xverse-codeql-2.27.1/selected/codeql/qlpacks/codeql/cpp-queries/1.9.0/Security/CWE/CWE-416/IteratorToExpiredContainer.qlx.
[108/183] Loaded /home/jefferson/.cache/xverse-codeql-2.27.1/selected/codeql/qlpacks/codeql/cpp-queries/1.9.0/Security/CWE/CWE-326/InsufficientKeySize.qlx.
[109/183] Loaded /home/jefferson/.cache/xverse-codeql-2.27.1/selected/codeql/qlpacks/codeql/cpp-queries/1.9.0/Security/CWE/CWE-468/SuspiciousAddWithSizeof.qlx.
[110/183] Loaded /home/jefferson/.cache/xverse-codeql-2.27.1/selected/codeql/qlpacks/codeql/cpp-queries/1.9.0/Security/CWE/CWE-704/WcharCharConversion.qlx.
[111/183] Loaded /home/jefferson/.cache/xverse-codeql-2.27.1/selected/codeql/qlpacks/codeql/cpp-queries/1.9.0/Security/CWE/CWE-611/XXE.qlx.
[112/183] Loaded /home/jefferson/.cache/xverse-codeql-2.27.1/selected/codeql/qlpacks/codeql/cpp-queries/1.9.0/Security/CWE/CWE-078/ExecTainted.qlx.
[113/183] Loaded /home/jefferson/.cache/xverse-codeql-2.27.1/selected/codeql/qlpacks/codeql/cpp-queries/1.9.0/Security/CWE/CWE-311/CleartextTransmission.qlx.
[114/183] Loaded /home/jefferson/.cache/xverse-codeql-2.27.1/selected/codeql/qlpacks/codeql/cpp-queries/1.9.0/Security/CWE/CWE-676/DangerousFunctionOverflow.qlx.
[115/183] Loaded /home/jefferson/.cache/xverse-codeql-2.27.1/selected/codeql/qlpacks/codeql/cpp-queries/1.9.0/Security/CWE/CWE-676/DangerousUseOfCin.qlx.
[116/183] Loaded /home/jefferson/.cache/xverse-codeql-2.27.1/selected/codeql/qlpacks/codeql/cpp-queries/1.9.0/Security/CWE/CWE-311/CleartextFileWrite.qlx.
[117/183] Loaded /home/jefferson/.cache/xverse-codeql-2.27.1/selected/codeql/qlpacks/codeql/cpp-queries/1.9.0/Security/CWE/CWE-253/HResultBooleanConversion.qlx.
[118/183] Loaded /home/jefferson/.cache/xverse-codeql-2.27.1/selected/codeql/qlpacks/codeql/cpp-queries/1.9.0/Security/CWE/CWE-190/ComparisonWithWiderType.qlx.
[119/183] Loaded /home/jefferson/.cache/xverse-codeql-2.27.1/selected/codeql/qlpacks/codeql/cpp-queries/1.9.0/Security/CWE/CWE-079/CgiXss.qlx.
[120/183] Loaded /home/jefferson/.cache/xverse-codeql-2.27.1/selected/codeql/qlpacks/codeql/cpp-queries/1.9.0/Security/CWE/CWE-190/ArithmeticUncontrolled.qlx.
[121/183] Loaded /home/jefferson/.cache/xverse-codeql-2.27.1/selected/codeql/qlpacks/codeql/cpp-queries/1.9.0/Security/CWE/CWE-089/SqlTainted.qlx.
[122/183] Loaded /home/jefferson/.cache/xverse-codeql-2.27.1/selected/codeql/qlpacks/codeql/cpp-queries/1.9.0/Security/CWE/CWE-319/UseOfHttp.qlx.
[123/183] Loaded /home/jefferson/.cache/xverse-codeql-2.27.1/selected/codeql/qlpacks/codeql/cpp-queries/1.9.0/Documentation/UncommentedFunction.qlx.
[124/183] Loaded /home/jefferson/.cache/xverse-codeql-2.27.1/selected/codeql/qlpacks/codeql/cpp-queries/1.9.0/Security/CWE/CWE-497/ExposedSystemData.qlx.
[125/183] Loaded /home/jefferson/.cache/xverse-codeql-2.27.1/selected/codeql/qlpacks/codeql/cpp-queries/1.9.0/Critical/SizeCheck2.qlx.
[126/183] Loaded /home/jefferson/.cache/xverse-codeql-2.27.1/selected/codeql/qlpacks/codeql/cpp-queries/1.9.0/Critical/SizeCheck.qlx.
[127/183] Loaded /home/jefferson/.cache/xverse-codeql-2.27.1/selected/codeql/qlpacks/codeql/cpp-queries/1.9.0/Likely Bugs/InconsistentCallOnResult.qlx.
[128/183] Loaded /home/jefferson/.cache/xverse-codeql-2.27.1/selected/codeql/qlpacks/codeql/cpp-queries/1.9.0/Likely Bugs/Conversion/LossyFunctionResultCast.qlx.
[129/183] Loaded /home/jefferson/.cache/xverse-codeql-2.27.1/selected/codeql/qlpacks/codeql/cpp-queries/1.9.0/Likely Bugs/Arithmetic/BadCheckOdd.qlx.
[130/183] Loaded /home/jefferson/.cache/xverse-codeql-2.27.1/selected/codeql/qlpacks/codeql/cpp-queries/1.9.0/Likely Bugs/Likely Typos/MissingEnumCaseInSwitch.qlx.
[131/183] Loaded /home/jefferson/.cache/xverse-codeql-2.27.1/selected/codeql/qlpacks/codeql/cpp-queries/1.9.0/Critical/MissingCheckScanf.qlx.
[132/183] Loaded /home/jefferson/.cache/xverse-codeql-2.27.1/selected/codeql/qlpacks/codeql/cpp-queries/1.9.0/Likely Bugs/Likely Typos/IncorrectNotOperatorUsage.qlx.
[133/183] Loaded /home/jefferson/.cache/xverse-codeql-2.27.1/selected/codeql/qlpacks/codeql/cpp-queries/1.9.0/Likely Bugs/InconsistentCheckReturnNull.qlx.
[134/183] Loaded /home/jefferson/.cache/xverse-codeql-2.27.1/selected/codeql/qlpacks/codeql/cpp-queries/1.9.0/Likely Bugs/Leap Year/UncheckedReturnValueForTimeFunctions.qlx.
[135/183] Loaded /home/jefferson/.cache/xverse-codeql-2.27.1/selected/codeql/qlpacks/codeql/cpp-queries/1.9.0/Likely Bugs/Leap Year/Adding365DaysPerYear.qlx.
[136/183] Loaded /home/jefferson/.cache/xverse-codeql-2.27.1/selected/codeql/qlpacks/codeql/cpp-queries/1.9.0/Likely Bugs/Underspecified Functions/MistypedFunctionArguments.qlx.
[137/183] Loaded /home/jefferson/.cache/xverse-codeql-2.27.1/selected/codeql/qlpacks/codeql/cpp-queries/1.9.0/Likely Bugs/Memory Management/StrncpyFlippedArgs.qlx.
[138/183] Loaded /home/jefferson/.cache/xverse-codeql-2.27.1/selected/codeql/qlpacks/codeql/cpp-queries/1.9.0/Likely Bugs/Memory Management/UnsafeUseOfStrcat.qlx.
[139/183] Loaded /home/jefferson/.cache/xverse-codeql-2.27.1/selected/codeql/qlpacks/codeql/cpp-queries/1.9.0/Likely Bugs/Leap Year/UncheckedLeapYearAfterYearModification.qlx.
[140/183] Loaded /home/jefferson/.cache/xverse-codeql-2.27.1/selected/codeql/qlpacks/codeql/cpp-queries/1.9.0/Likely Bugs/Memory Management/SuspiciousSizeof.qlx.
[141/183] Loaded /home/jefferson/.cache/xverse-codeql-2.27.1/selected/codeql/qlpacks/codeql/cpp-queries/1.9.0/Likely Bugs/Memory Management/UninitializedLocal.qlx.
[142/183] Loaded /home/jefferson/.cache/xverse-codeql-2.27.1/selected/codeql/qlpacks/codeql/cpp-queries/1.9.0/Likely Bugs/Memory Management/StackAddressEscapes.qlx.
[143/183] Loaded /home/jefferson/.cache/xverse-codeql-2.27.1/selected/codeql/qlpacks/codeql/cpp-queries/1.9.0/Likely Bugs/NestedLoopSameVar.qlx.
[144/183] Loaded /home/jefferson/.cache/xverse-codeql-2.27.1/selected/codeql/qlpacks/codeql/cpp-queries/1.9.0/Likely Bugs/Protocols/UseOfDeprecatedHardcodedProtocol.qlx.
[145/183] Loaded /home/jefferson/.cache/xverse-codeql-2.27.1/selected/codeql/qlpacks/codeql/cpp-queries/1.9.0/Best Practices/Likely Errors/CommaBeforeMisleadingIndentation.qlx.
[146/183] Loaded /home/jefferson/.cache/xverse-codeql-2.27.1/selected/codeql/qlpacks/codeql/cpp-queries/1.9.0/Likely Bugs/Protocols/TlsSettingsMisconfiguration.qlx.
[147/183] Loaded /home/jefferson/.cache/xverse-codeql-2.27.1/selected/codeql/qlpacks/codeql/cpp-queries/1.9.0/Best Practices/Likely Errors/OffsetUseBeforeRangeCheck.qlx.
[148/183] Loaded /home/jefferson/.cache/xverse-codeql-2.27.1/selected/codeql/qlpacks/codeql/cpp-queries/1.9.0/jsf/4.17 Types/AV Rule 148.qlx.
[149/183] Loaded /home/jefferson/.cache/xverse-codeql-2.27.1/selected/codeql/qlpacks/codeql/cpp-queries/1.9.0/Security/CWE/CWE-313/CleartextSqliteDatabase.qlx.
[150/183] Loaded /home/jefferson/.cache/xverse-codeql-2.27.1/selected/codeql/qlpacks/codeql/cpp-queries/1.9.0/Security/CWE/CWE-114/UncontrolledProcessOperation.qlx.
[151/183] Loaded /home/jefferson/.cache/xverse-codeql-2.27.1/selected/codeql/qlpacks/codeql/cpp-queries/1.9.0/Security/CWE/CWE-732/DoNotCreateWorldWritable.qlx.
[152/183] Loaded /home/jefferson/.cache/xverse-codeql-2.27.1/selected/codeql/qlpacks/codeql/cpp-queries/1.9.0/Security/CWE/CWE-022/TaintedPath.qlx.
[153/183] Loaded /home/jefferson/.cache/xverse-codeql-2.27.1/selected/codeql/qlpacks/codeql/cpp-queries/1.9.0/Security/CWE/CWE-120/OverrunWrite.qlx.
[154/183] Loaded /home/jefferson/.cache/xverse-codeql-2.27.1/selected/codeql/qlpacks/codeql/cpp-queries/1.9.0/Security/CWE/CWE-120/OverrunWriteFloat.qlx.
[155/183] Loaded /home/jefferson/.cache/xverse-codeql-2.27.1/selected/codeql/qlpacks/codeql/cpp-queries/1.9.0/Security/CWE/CWE-120/UnboundedWrite.qlx.
[156/183] Loaded /home/jefferson/.cache/xverse-codeql-2.27.1/selected/codeql/qlpacks/codeql/cpp-queries/1.9.0/Security/CWE/CWE-807/TaintedCondition.qlx.
[157/183] Loaded /home/jefferson/.cache/xverse-codeql-2.27.1/selected/codeql/qlpacks/codeql/cpp-queries/1.9.0/Security/CWE/CWE-290/AuthenticationBypass.qlx.
[158/183] Loaded /home/jefferson/.cache/xverse-codeql-2.27.1/selected/codeql/qlpacks/codeql/cpp-queries/1.9.0/Security/CWE/CWE-121/UnterminatedVarargsCall.qlx.
[159/183] Loaded /home/jefferson/.cache/xverse-codeql-2.27.1/selected/codeql/qlpacks/codeql/cpp-queries/1.9.0/Security/CWE/CWE-193/InvalidPointerDeref.qlx.
[160/183] Loaded /home/jefferson/.cache/xverse-codeql-2.27.1/selected/codeql/qlpacks/codeql/cpp-queries/1.9.0/Security/CWE/CWE-295/SSLResultNotChecked.qlx.
[161/183] Loaded /home/jefferson/.cache/xverse-codeql-2.27.1/selected/codeql/qlpacks/codeql/cpp-queries/1.9.0/Security/CWE/CWE-295/SSLResultConflation.qlx.
[162/183] Loaded /home/jefferson/.cache/xverse-codeql-2.27.1/selected/codeql/qlpacks/codeql/cpp-queries/1.9.0/Security/CWE/CWE-119/OverflowBuffer.qlx.
[163/183] Loaded /home/jefferson/.cache/xverse-codeql-2.27.1/selected/codeql/qlpacks/codeql/cpp-queries/1.9.0/Security/CWE/CWE-119/OverrunWriteProductFlow.qlx.
[164/183] Loaded /home/jefferson/.cache/xverse-codeql-2.27.1/selected/codeql/qlpacks/codeql/cpp-queries/1.9.0/Security/CWE/CWE-468/IncorrectPointerScaling.qlx.
[165/183] Loaded /home/jefferson/.cache/xverse-codeql-2.27.1/selected/codeql/qlpacks/codeql/cpp-queries/1.9.0/Security/CWE/CWE-843/TypeConfusion.qlx.
[166/183] Loaded /home/jefferson/.cache/xverse-codeql-2.27.1/selected/codeql/qlpacks/codeql/cpp-queries/1.9.0/Security/CWE/CWE-468/IncorrectPointerScalingVoid.qlx.
[167/183] Loaded /home/jefferson/.cache/xverse-codeql-2.27.1/selected/codeql/qlpacks/codeql/cpp-queries/1.9.0/Security/CWE/CWE-570/IncorrectAllocationErrorHandling.qlx.
[168/183] Loaded /home/jefferson/.cache/xverse-codeql-2.27.1/selected/codeql/qlpacks/codeql/cpp-queries/1.9.0/Security/CWE/CWE-676/PotentiallyDangerousFunction.qlx.
[169/183] Loaded /home/jefferson/.cache/xverse-codeql-2.27.1/selected/codeql/qlpacks/codeql/cpp-queries/1.9.0/Security/CWE/CWE-311/CleartextBufferWrite.qlx.
[170/183] Loaded /home/jefferson/.cache/xverse-codeql-2.27.1/selected/codeql/qlpacks/codeql/cpp-queries/1.9.0/Security/CWE/CWE-428/UnsafeCreateProcessCall.qlx.
[171/183] Loaded /home/jefferson/.cache/xverse-codeql-2.27.1/selected/codeql/qlpacks/codeql/cpp-queries/1.9.0/Security/CWE/CWE-190/TaintedAllocationSize.qlx.
[172/183] Loaded /home/jefferson/.cache/xverse-codeql-2.27.1/selected/codeql/qlpacks/codeql/cpp-queries/1.9.0/Diagnostics/ExtractionWarnings.qlx.
[173/183] Loaded /home/jefferson/.cache/xverse-codeql-2.27.1/selected/codeql/qlpacks/codeql/cpp-queries/1.9.0/Diagnostics/ExtractedFiles.qlx.
[174/183] Loaded /home/jefferson/.cache/xverse-codeql-2.27.1/selected/codeql/qlpacks/codeql/cpp-queries/1.9.0/Diagnostics/FailedExtractorInvocations.qlx.
[175/183] Loaded /home/jefferson/.cache/xverse-codeql-2.27.1/selected/codeql/qlpacks/codeql/cpp-queries/1.9.0/Summary/LinesOfCode.qlx.
[176/183] Loaded /home/jefferson/.cache/xverse-codeql-2.27.1/selected/codeql/qlpacks/codeql/cpp-queries/1.9.0/Summary/LinesOfUserCode.qlx.
[177/183] Loaded /home/jefferson/.cache/xverse-codeql-2.27.1/selected/codeql/qlpacks/codeql/cpp-queries/1.9.0/Telemetry/MissingIncludes.qlx.
[178/183] Loaded /home/jefferson/.cache/xverse-codeql-2.27.1/selected/codeql/qlpacks/codeql/cpp-queries/1.9.0/Telemetry/ExtractionMetrics.qlx.
[179/183] Loaded /home/jefferson/.cache/xverse-codeql-2.27.1/selected/codeql/qlpacks/codeql/cpp-queries/1.9.0/Telemetry/CompilerErrors.qlx.
[180/183] Loaded /home/jefferson/.cache/xverse-codeql-2.27.1/selected/codeql/qlpacks/codeql/cpp-queries/1.9.0/Telemetry/SucceededIncludes.qlx.
[181/183] Loaded /home/jefferson/.cache/xverse-codeql-2.27.1/selected/codeql/qlpacks/codeql/cpp-queries/1.9.0/Telemetry/ExtractorInformation.qlx.
[182/183] Loaded /home/jefferson/.cache/xverse-codeql-2.27.1/selected/codeql/qlpacks/codeql/cpp-queries/1.9.0/Telemetry/DatabaseQuality.qlx.
[183/183] Loaded /home/jefferson/.cache/xverse-codeql-2.27.1/selected/codeql/qlpacks/codeql/cpp-queries/1.9.0/Security/CWE/CWE-497/PotentiallyExposedSystemData.qlx.
Starting evaluation of codeql/cpp-queries/Best Practices/ComplexCondition.ql.
Starting evaluation of codeql/cpp-queries/Best Practices/BlockWithTooManyStatements.ql.
Starting evaluation of codeql/cpp-queries/Best Practices/Exceptions/AccidentalRethrow.ql.
Starting evaluation of codeql/cpp-queries/Best Practices/Exceptions/CatchingByValue.ql.
[1/183 eval 1.5s] Evaluation done; writing results to codeql/cpp-queries/Best Practices/BlockWithTooManyStatements.bqrs.
[2/183 eval 1.5s] Evaluation done; writing results to codeql/cpp-queries/Best Practices/Exceptions/AccidentalRethrow.bqrs.
Starting evaluation of codeql/cpp-queries/Best Practices/Exceptions/LeakyCatch.ql.
[3/183 eval 20ms] Evaluation done; writing results to codeql/cpp-queries/Best Practices/Exceptions/CatchingByValue.bqrs.
Starting evaluation of codeql/cpp-queries/Best Practices/Exceptions/ThrowingPointers.ql.
Starting evaluation of codeql/cpp-queries/Best Practices/GuardedFree.ql.
[4/183 eval 17ms] Evaluation done; writing results to codeql/cpp-queries/Best Practices/Exceptions/ThrowingPointers.bqrs.
[5/183 eval 1.8s] Evaluation done; writing results to codeql/cpp-queries/Best Practices/ComplexCondition.bqrs.
[6/183 eval 1.2s] Evaluation done; writing results to codeql/cpp-queries/Best Practices/Exceptions/LeakyCatch.bqrs.
Starting evaluation of codeql/cpp-queries/Best Practices/Hiding/DeclarationHidesParameter.ql.
[7/183 eval 46ms] Evaluation done; writing results to codeql/cpp-queries/Best Practices/Hiding/DeclarationHidesParameter.bqrs.
Starting evaluation of codeql/cpp-queries/Best Practices/Hiding/DeclarationHidesVariable.ql.
[8/183 eval 1.3s] Evaluation done; writing results to codeql/cpp-queries/Best Practices/Hiding/DeclarationHidesVariable.bqrs.
Starting evaluation of codeql/cpp-queries/Best Practices/Hiding/LocalVariableHidesGlobalVariable.ql.
[9/183 eval 48ms] Evaluation done; writing results to codeql/cpp-queries/Best Practices/Hiding/LocalVariableHidesGlobalVariable.bqrs.
Starting evaluation of codeql/cpp-queries/Best Practices/Likely Errors/CommaBeforeMisleadingIndentation.ql.
Starting evaluation of codeql/cpp-queries/Best Practices/Likely Errors/EmptyBlock.ql.
[10/183 eval 674ms] Evaluation done; writing results to codeql/cpp-queries/Best Practices/Likely Errors/CommaBeforeMisleadingIndentation.bqrs.
[11/183 eval 73ms] Evaluation done; writing results to codeql/cpp-queries/Best Practices/Likely Errors/EmptyBlock.bqrs.
Starting evaluation of codeql/cpp-queries/Best Practices/Likely Errors/OffsetUseBeforeRangeCheck.ql.
Starting evaluation of codeql/cpp-queries/Best Practices/Likely Errors/Slicing.ql.
[12/183 eval 22ms] Evaluation done; writing results to codeql/cpp-queries/Best Practices/Likely Errors/OffsetUseBeforeRangeCheck.bqrs.
[13/183 eval 35ms] Evaluation done; writing results to codeql/cpp-queries/Best Practices/Likely Errors/Slicing.bqrs.
Starting evaluation of codeql/cpp-queries/Best Practices/RuleOfTwo.ql.
[14/183 eval 17.4s] Evaluation done; writing results to codeql/cpp-queries/Best Practices/GuardedFree.bqrs.
Starting evaluation of codeql/cpp-queries/Best Practices/SloppyGlobal.ql.
[15/183 eval 2.1s] Evaluation done; writing results to codeql/cpp-queries/Best Practices/RuleOfTwo.bqrs.
Starting evaluation of codeql/cpp-queries/Best Practices/SwitchLongCase.ql.
Starting evaluation of codeql/cpp-queries/Best Practices/Unused Entities/UnusedLocals.ql.
[16/183 eval 3ms] Evaluation done; writing results to codeql/cpp-queries/Best Practices/SwitchLongCase.bqrs.
[17/183 eval 42ms] Evaluation done; writing results to codeql/cpp-queries/Best Practices/Unused Entities/UnusedLocals.bqrs.
Starting evaluation of codeql/cpp-queries/Best Practices/Unused Entities/UnusedStaticFunctions.ql.
[18/183 eval 81ms] Evaluation done; writing results to codeql/cpp-queries/Best Practices/SloppyGlobal.bqrs.
Starting evaluation of codeql/cpp-queries/Best Practices/Unused Entities/UnusedStaticVariables.ql.
Starting evaluation of codeql/cpp-queries/Best Practices/UseOfGoto.ql.
Starting evaluation of codeql/cpp-queries/Critical/DeadCodeGoto.ql.
[19/183 eval 22ms] Evaluation done; writing results to codeql/cpp-queries/Best Practices/Unused Entities/UnusedStaticVariables.bqrs.
Starting evaluation of codeql/cpp-queries/Critical/DoubleFree.ql.
[20/183 eval 67ms] Evaluation done; writing results to codeql/cpp-queries/Best Practices/Unused Entities/UnusedStaticFunctions.bqrs.
[21/183 eval 7ms] Evaluation done; writing results to codeql/cpp-queries/Best Practices/UseOfGoto.bqrs.
[22/183 eval 32ms] Evaluation done; writing results to codeql/cpp-queries/Critical/DeadCodeGoto.bqrs.
Starting evaluation of codeql/cpp-queries/Critical/IncorrectCheckScanf.ql.
[23/183 eval 10ms] Evaluation done; writing results to codeql/cpp-queries/Critical/IncorrectCheckScanf.bqrs.
Starting evaluation of codeql/cpp-queries/Critical/LargeParameter.ql.
[24/183 eval 287ms] Evaluation done; writing results to codeql/cpp-queries/Critical/LargeParameter.bqrs.
Starting evaluation of codeql/cpp-queries/Critical/MissingCheckScanf.ql.
Starting evaluation of codeql/cpp-queries/Critical/NewArrayDeleteMismatch.ql.
[25/183 eval 57ms] Evaluation done; writing results to codeql/cpp-queries/Critical/MissingCheckScanf.bqrs.
[26/183 eval 655ms] Evaluation done; writing results to codeql/cpp-queries/Critical/DoubleFree.bqrs.
Starting evaluation of codeql/cpp-queries/Critical/NewDeleteArrayMismatch.ql.
Starting evaluation of codeql/cpp-queries/Critical/NewFreeMismatch.ql.
[27/183 eval 336ms] Evaluation done; writing results to codeql/cpp-queries/Critical/NewArrayDeleteMismatch.bqrs.
Starting evaluation of codeql/cpp-queries/Critical/OverflowStatic.ql.
[28/183 eval 7ms] Evaluation done; writing results to codeql/cpp-queries/Critical/NewDeleteArrayMismatch.bqrs.
[29/183 eval 10ms] Evaluation done; writing results to codeql/cpp-queries/Critical/NewFreeMismatch.bqrs.
Starting evaluation of codeql/cpp-queries/Critical/SizeCheck.ql.
Starting evaluation of codeql/cpp-queries/Critical/SizeCheck2.ql.
[30/183 eval 35ms] Evaluation done; writing results to codeql/cpp-queries/Critical/SizeCheck.bqrs.
Starting evaluation of codeql/cpp-queries/Critical/UseAfterFree.ql.
[31/183 eval 10ms] Evaluation done; writing results to codeql/cpp-queries/Critical/SizeCheck2.bqrs.
[32/183 eval 1.2s] Evaluation done; writing results to codeql/cpp-queries/Critical/OverflowStatic.bqrs.
Starting evaluation of codeql/cpp-queries/Diagnostics/ExtractedFiles.ql.
Starting evaluation of codeql/cpp-queries/Diagnostics/ExtractionWarnings.ql.
Starting evaluation of codeql/cpp-queries/Diagnostics/FailedExtractorInvocations.ql.
[33/183 eval 3ms] Evaluation done; writing results to codeql/cpp-queries/Diagnostics/ExtractedFiles.bqrs.
[34/183 eval 1ms] Evaluation done; writing results to codeql/cpp-queries/Diagnostics/ExtractionWarnings.bqrs.
Starting evaluation of codeql/cpp-queries/Documentation/CommentedOutCode.ql.
[35/183 eval 3ms] Evaluation done; writing results to codeql/cpp-queries/Diagnostics/FailedExtractorInvocations.bqrs.
Starting evaluation of codeql/cpp-queries/Documentation/FixmeComments.ql.
[36/183 eval 850ms] Evaluation done; writing results to codeql/cpp-queries/Critical/UseAfterFree.bqrs.
Starting evaluation of codeql/cpp-queries/Documentation/UncommentedFunction.ql.
[37/183 eval 34ms] Evaluation done; writing results to codeql/cpp-queries/Documentation/FixmeComments.bqrs.
Starting evaluation of codeql/cpp-queries/Header Cleanup/Cleanup-DuplicateIncludeGuard.ql.
[38/183 eval 24ms] Evaluation done; writing results to codeql/cpp-queries/Documentation/UncommentedFunction.bqrs.
[39/183 eval 73ms] Evaluation done; writing results to codeql/cpp-queries/Header Cleanup/Cleanup-DuplicateIncludeGuard.bqrs.
Starting evaluation of codeql/cpp-queries/Likely Bugs/AmbiguouslySignedBitField.ql.
[40/183 eval 42ms] Evaluation done; writing results to codeql/cpp-queries/Likely Bugs/AmbiguouslySignedBitField.bqrs.
Starting evaluation of codeql/cpp-queries/Likely Bugs/Arithmetic/BadAdditionOverflowCheck.ql.
[41/183 eval 77ms] Evaluation done; writing results to codeql/cpp-queries/Likely Bugs/Arithmetic/BadAdditionOverflowCheck.bqrs.
Starting evaluation of codeql/cpp-queries/Likely Bugs/Arithmetic/BadCheckOdd.ql.
[42/183 eval 282ms] Evaluation done; writing results to codeql/cpp-queries/Likely Bugs/Arithmetic/BadCheckOdd.bqrs.
Starting evaluation of codeql/cpp-queries/Likely Bugs/Arithmetic/BitwiseSignCheck.ql.
[43/183 eval 12ms] Evaluation done; writing results to codeql/cpp-queries/Likely Bugs/Arithmetic/BitwiseSignCheck.bqrs.
Starting evaluation of codeql/cpp-queries/Likely Bugs/Arithmetic/ComparisonPrecedence.ql.
Starting evaluation of codeql/cpp-queries/Likely Bugs/Arithmetic/FloatComparison.ql.
[44/183 eval 2ms] Evaluation done; writing results to codeql/cpp-queries/Likely Bugs/Arithmetic/ComparisonPrecedence.bqrs.
Starting evaluation of codeql/cpp-queries/Likely Bugs/Arithmetic/IntMultToLong.ql.
[45/183 eval 60ms] Evaluation done; writing results to codeql/cpp-queries/Likely Bugs/Arithmetic/FloatComparison.bqrs.
Starting evaluation of codeql/cpp-queries/Likely Bugs/Arithmetic/PointlessComparison.ql.
[46/183 eval 1.2s] Evaluation done; writing results to codeql/cpp-queries/Documentation/CommentedOutCode.bqrs.
Starting evaluation of codeql/cpp-queries/Likely Bugs/Arithmetic/PointlessSelfComparison.ql.
[47/183 eval 69ms] Evaluation done; writing results to codeql/cpp-queries/Likely Bugs/Arithmetic/IntMultToLong.bqrs.
Starting evaluation of codeql/cpp-queries/Likely Bugs/Arithmetic/SignedOverflowCheck.ql.
[48/183 eval 33ms] Evaluation done; writing results to codeql/cpp-queries/Likely Bugs/Arithmetic/PointlessSelfComparison.bqrs.
Starting evaluation of codeql/cpp-queries/Likely Bugs/Arithmetic/UnsignedGEZero.ql.
[49/183 eval 43ms] Evaluation done; writing results to codeql/cpp-queries/Likely Bugs/Arithmetic/SignedOverflowCheck.bqrs.
Starting evaluation of codeql/cpp-queries/Likely Bugs/ContinueInFalseLoop.ql.
Starting evaluation of codeql/cpp-queries/Likely Bugs/Conversion/ArrayArgSizeMismatch.ql.
[50/183 eval 10ms] Evaluation done; writing results to codeql/cpp-queries/Likely Bugs/Arithmetic/UnsignedGEZero.bqrs.
[51/183 eval 2ms] Evaluation done; writing results to codeql/cpp-queries/Likely Bugs/ContinueInFalseLoop.bqrs.
Starting evaluation of codeql/cpp-queries/Likely Bugs/Conversion/CastArrayPointerArithmetic.ql.
[52/183 eval 31ms] Evaluation done; writing results to codeql/cpp-queries/Likely Bugs/Conversion/ArrayArgSizeMismatch.bqrs.
Starting evaluation of codeql/cpp-queries/Likely Bugs/Conversion/ImplicitDowncastFromBitfield.ql.
[53/183 eval 185ms] Evaluation done; writing results to codeql/cpp-queries/Likely Bugs/Arithmetic/PointlessComparison.bqrs.
[54/183 eval 16ms] Evaluation done; writing results to codeql/cpp-queries/Likely Bugs/Conversion/ImplicitDowncastFromBitfield.bqrs.
Starting evaluation of codeql/cpp-queries/Likely Bugs/Conversion/LossyFunctionResultCast.ql.
Starting evaluation of codeql/cpp-queries/Likely Bugs/Conversion/LossyPointerCast.ql.
[55/183 eval 28ms] Evaluation done; writing results to codeql/cpp-queries/Likely Bugs/Conversion/LossyFunctionResultCast.bqrs.
[56/183 eval 14ms] Evaluation done; writing results to codeql/cpp-queries/Likely Bugs/Conversion/LossyPointerCast.bqrs.
Starting evaluation of codeql/cpp-queries/Likely Bugs/Format/NonConstantFormat.ql.
[57/183 eval 175ms] Evaluation done; writing results to codeql/cpp-queries/Likely Bugs/Conversion/CastArrayPointerArithmetic.bqrs.
Starting evaluation of codeql/cpp-queries/Likely Bugs/Format/SnprintfOverflow.ql.
Starting evaluation of codeql/cpp-queries/Likely Bugs/Format/TooManyFormatArguments.ql.
[58/183 eval 125ms] Evaluation done; writing results to codeql/cpp-queries/Likely Bugs/Format/SnprintfOverflow.bqrs.
[59/183 eval 51ms] Evaluation done; writing results to codeql/cpp-queries/Likely Bugs/Format/TooManyFormatArguments.bqrs.
Starting evaluation of codeql/cpp-queries/Likely Bugs/Format/WrongNumberOfFormatArguments.ql.
[60/183 eval 6ms] Evaluation done; writing results to codeql/cpp-queries/Likely Bugs/Format/WrongNumberOfFormatArguments.bqrs.
Starting evaluation of codeql/cpp-queries/Likely Bugs/Format/WrongTypeFormatArguments.ql.
Starting evaluation of codeql/cpp-queries/Likely Bugs/InconsistentCallOnResult.ql.
[61/183 eval 72ms] Evaluation done; writing results to codeql/cpp-queries/Likely Bugs/Format/WrongTypeFormatArguments.bqrs.
Starting evaluation of codeql/cpp-queries/Likely Bugs/InconsistentCheckReturnNull.ql.
[62/183 eval 2ms] Evaluation done; writing results to codeql/cpp-queries/Likely Bugs/InconsistentCallOnResult.bqrs.
[63/183 eval 159ms] Evaluation done; writing results to codeql/cpp-queries/Likely Bugs/InconsistentCheckReturnNull.bqrs.
Starting evaluation of codeql/cpp-queries/Likely Bugs/Leap Year/Adding365DaysPerYear.ql.
Starting evaluation of codeql/cpp-queries/Likely Bugs/Leap Year/UncheckedLeapYearAfterYearModification.ql.
[64/183 eval 158ms] Evaluation done; writing results to codeql/cpp-queries/Likely Bugs/Leap Year/Adding365DaysPerYear.bqrs.
[65/183 eval 981ms] Evaluation done; writing results to codeql/cpp-queries/Likely Bugs/Format/NonConstantFormat.bqrs.
Starting evaluation of codeql/cpp-queries/Likely Bugs/Leap Year/UncheckedReturnValueForTimeFunctions.ql.
Starting evaluation of codeql/cpp-queries/Likely Bugs/Likely Typos/AmbiguousAssignmentOfComparison.ql.
[66/183 eval 1ms] Evaluation done; writing results to codeql/cpp-queries/Likely Bugs/Leap Year/UncheckedReturnValueForTimeFunctions.bqrs.
[67/183 eval 3ms] Evaluation done; writing results to codeql/cpp-queries/Likely Bugs/Likely Typos/AmbiguousAssignmentOfComparison.bqrs.
Starting evaluation of codeql/cpp-queries/Likely Bugs/Likely Typos/AssignWhereCompareMeant.ql.
Starting evaluation of codeql/cpp-queries/Likely Bugs/Likely Typos/CompareWhereAssignMeant.ql.
[68/183 eval 2ms] Evaluation done; writing results to codeql/cpp-queries/Likely Bugs/Likely Typos/AssignWhereCompareMeant.bqrs.
[69/183 eval 29ms] Evaluation done; writing results to codeql/cpp-queries/Likely Bugs/Likely Typos/CompareWhereAssignMeant.bqrs.
Starting evaluation of codeql/cpp-queries/Likely Bugs/Likely Typos/DubiousNullCheck.ql.
Starting evaluation of codeql/cpp-queries/Likely Bugs/Likely Typos/ExprHasNoEffect.ql.
[70/183 eval 18ms] Evaluation done; writing results to codeql/cpp-queries/Likely Bugs/Likely Typos/DubiousNullCheck.bqrs.
Starting evaluation of codeql/cpp-queries/Likely Bugs/Likely Typos/FutileConditional.ql.
[71/183 eval 479ms] Evaluation done; writing results to codeql/cpp-queries/Likely Bugs/Leap Year/UncheckedLeapYearAfterYearModification.bqrs.
Starting evaluation of codeql/cpp-queries/Likely Bugs/Likely Typos/IncorrectNotOperatorUsage.ql.
[72/183 eval 30ms] Evaluation done; writing results to codeql/cpp-queries/Likely Bugs/Likely Typos/FutileConditional.bqrs.
Starting evaluation of codeql/cpp-queries/Likely Bugs/Likely Typos/MissingEnumCaseInSwitch.ql.
[73/183 eval 2ms] Evaluation done; writing results to codeql/cpp-queries/Likely Bugs/Likely Typos/IncorrectNotOperatorUsage.bqrs.
Starting evaluation of codeql/cpp-queries/Likely Bugs/Likely Typos/ShortCircuitBitMask.ql.
[74/183 eval 4ms] Evaluation done; writing results to codeql/cpp-queries/Likely Bugs/Likely Typos/MissingEnumCaseInSwitch.bqrs.
[75/183 eval 30ms] Evaluation done; writing results to codeql/cpp-queries/Likely Bugs/Likely Typos/ShortCircuitBitMask.bqrs.
Starting evaluation of codeql/cpp-queries/Likely Bugs/Likely Typos/UsingStrcpyAsBoolean.ql.
Starting evaluation of codeql/cpp-queries/Likely Bugs/Likely Typos/inconsistentLoopDirection.ql.
[76/183 eval 47ms] Evaluation done; writing results to codeql/cpp-queries/Likely Bugs/Likely Typos/UsingStrcpyAsBoolean.bqrs.
Starting evaluation of codeql/cpp-queries/Likely Bugs/Memory Management/AllocaInLoop.ql.
Starting evaluation of codeql/cpp-queries/Likely Bugs/Memory Management/PointerOverflow.ql.
[77/183 eval 210ms] Evaluation done; writing results to codeql/cpp-queries/Likely Bugs/Likely Typos/ExprHasNoEffect.bqrs.
[78/183 eval 17ms] Evaluation done; writing results to codeql/cpp-queries/Likely Bugs/Likely Typos/inconsistentLoopDirection.bqrs.
Starting evaluation of codeql/cpp-queries/Likely Bugs/Memory Management/ReturnCstrOfLocalStdString.ql.
[79/183 eval 35ms] Evaluation done; writing results to codeql/cpp-queries/Likely Bugs/Memory Management/PointerOverflow.bqrs.
[80/183 eval 41ms] Evaluation done; writing results to codeql/cpp-queries/Likely Bugs/Memory Management/AllocaInLoop.bqrs.
Starting evaluation of codeql/cpp-queries/Likely Bugs/Memory Management/ReturnStackAllocatedMemory.ql.
[81/183 eval 78ms] Evaluation done; writing results to codeql/cpp-queries/Likely Bugs/Memory Management/ReturnCstrOfLocalStdString.bqrs.
Starting evaluation of codeql/cpp-queries/Likely Bugs/Memory Management/StackAddressEscapes.ql.
[82/183 eval 197ms] Evaluation done; writing results to codeql/cpp-queries/Likely Bugs/Memory Management/ReturnStackAllocatedMemory.bqrs.
Starting evaluation of codeql/cpp-queries/Likely Bugs/Memory Management/StrncpyFlippedArgs.ql.
Starting evaluation of codeql/cpp-queries/Likely Bugs/Memory Management/SuspiciousCallToStrncat.ql.
[83/183 eval 9ms] Evaluation done; writing results to codeql/cpp-queries/Likely Bugs/Memory Management/StrncpyFlippedArgs.bqrs.
Starting evaluation of codeql/cpp-queries/Likely Bugs/Memory Management/SuspiciousSizeof.ql.
[84/183 eval 2ms] Evaluation done; writing results to codeql/cpp-queries/Likely Bugs/Memory Management/SuspiciousCallToStrncat.bqrs.
Starting evaluation of codeql/cpp-queries/Likely Bugs/Memory Management/UninitializedLocal.ql.
[85/183 eval 18ms] Evaluation done; writing results to codeql/cpp-queries/Likely Bugs/Memory Management/SuspiciousSizeof.bqrs.
[86/183 eval 51ms] Evaluation done; writing results to codeql/cpp-queries/Likely Bugs/Memory Management/StackAddressEscapes.bqrs.
Starting evaluation of codeql/cpp-queries/Likely Bugs/Memory Management/UnsafeUseOfStrcat.ql.
Starting evaluation of codeql/cpp-queries/Likely Bugs/Memory Management/UsingExpiredStackAddress.ql.
[87/183 eval 2ms] Evaluation done; writing results to codeql/cpp-queries/Likely Bugs/Memory Management/UnsafeUseOfStrcat.bqrs.
Starting evaluation of codeql/cpp-queries/Likely Bugs/NestedLoopSameVar.ql.
[88/183 eval 130ms] Evaluation done; writing results to codeql/cpp-queries/Likely Bugs/Memory Management/UninitializedLocal.bqrs.
Starting evaluation of codeql/cpp-queries/Likely Bugs/OO/IncorrectConstructorDelegation.ql.
[89/183 eval 19ms] Evaluation done; writing results to codeql/cpp-queries/Likely Bugs/NestedLoopSameVar.bqrs.
[90/183 eval 7ms] Evaluation done; writing results to codeql/cpp-queries/Likely Bugs/OO/IncorrectConstructorDelegation.bqrs.
Starting evaluation of codeql/cpp-queries/Likely Bugs/OO/NonVirtualDestructorInBaseClass.ql.
[91/183 eval 4ms] Evaluation done; writing results to codeql/cpp-queries/Likely Bugs/OO/NonVirtualDestructorInBaseClass.bqrs.
Starting evaluation of codeql/cpp-queries/Likely Bugs/OO/ThrowInDestructor.ql.
Starting evaluation of codeql/cpp-queries/Likely Bugs/OO/UnsafeUseOfThis.ql.
[92/183 eval 1ms] Evaluation done; writing results to codeql/cpp-queries/Likely Bugs/OO/ThrowInDestructor.bqrs.
Starting evaluation of codeql/cpp-queries/Likely Bugs/Protocols/TlsSettingsMisconfiguration.ql.
[93/183 eval 146ms] Evaluation done; writing results to codeql/cpp-queries/Likely Bugs/Memory Management/UsingExpiredStackAddress.bqrs.
Starting evaluation of codeql/cpp-queries/Likely Bugs/Protocols/UseOfDeprecatedHardcodedProtocol.ql.
[94/183 eval 52ms] Evaluation done; writing results to codeql/cpp-queries/Likely Bugs/OO/UnsafeUseOfThis.bqrs.
Starting evaluation of codeql/cpp-queries/Likely Bugs/RedundantNullCheckSimple.ql.
[95/183 eval 168ms] Evaluation done; writing results to codeql/cpp-queries/Likely Bugs/Protocols/TlsSettingsMisconfiguration.bqrs.
Starting evaluation of codeql/cpp-queries/Likely Bugs/ReturnConstType.ql.
Starting evaluation of codeql/cpp-queries/Likely Bugs/ReturnConstTypeMember.ql.
[96/183 eval 110ms] Evaluation done; writing results to codeql/cpp-queries/Likely Bugs/RedundantNullCheckSimple.bqrs.
Starting evaluation of codeql/cpp-queries/Likely Bugs/Underspecified Functions/ImplicitFunctionDeclaration.ql.
[97/183 eval 139ms] Evaluation done; writing results to codeql/cpp-queries/Likely Bugs/Protocols/UseOfDeprecatedHardcodedProtocol.bqrs.
Starting evaluation of codeql/cpp-queries/Likely Bugs/Underspecified Functions/MistypedFunctionArguments.ql.
[98/183 eval 1ms] Evaluation done; writing results to codeql/cpp-queries/Likely Bugs/Underspecified Functions/ImplicitFunctionDeclaration.bqrs.
Starting evaluation of codeql/cpp-queries/Likely Bugs/Underspecified Functions/TooFewArguments.ql.
[99/183 eval 4ms] Evaluation done; writing results to codeql/cpp-queries/Likely Bugs/Underspecified Functions/MistypedFunctionArguments.bqrs.
Starting evaluation of codeql/cpp-queries/Likely Bugs/Underspecified Functions/TooManyArguments.ql.
Starting evaluation of codeql/cpp-queries/Likely Bugs/UseInOwnInitializer.ql.
Starting evaluation of codeql/cpp-queries/Security/CWE/CWE-014/MemsetMayBeDeleted.ql.
[100/183 eval 12ms] Evaluation done; writing results to codeql/cpp-queries/Likely Bugs/ReturnConstType.bqrs.
[101/183 eval 4ms] Evaluation done; writing results to codeql/cpp-queries/Likely Bugs/Underspecified Functions/TooFewArguments.bqrs.
[102/183 eval 9ms] Evaluation done; writing results to codeql/cpp-queries/Likely Bugs/ReturnConstTypeMember.bqrs.
[103/183 eval 7ms] Evaluation done; writing results to codeql/cpp-queries/Likely Bugs/Underspecified Functions/TooManyArguments.bqrs.
Starting evaluation of codeql/cpp-queries/Security/CWE/CWE-022/TaintedPath.ql.
[104/183 eval 18ms] Evaluation done; writing results to codeql/cpp-queries/Likely Bugs/UseInOwnInitializer.bqrs.
[105/183 eval 95ms] Evaluation done; writing results to codeql/cpp-queries/Security/CWE/CWE-022/TaintedPath.bqrs.
Starting evaluation of codeql/cpp-queries/Security/CWE/CWE-078/ExecTainted.ql.
[106/183 eval 147ms] Evaluation done; writing results to codeql/cpp-queries/Security/CWE/CWE-014/MemsetMayBeDeleted.bqrs.
Starting evaluation of codeql/cpp-queries/Security/CWE/CWE-079/CgiXss.ql.
Starting evaluation of codeql/cpp-queries/Security/CWE/CWE-089/SqlTainted.ql.
[107/183 eval 17ms] Evaluation done; writing results to codeql/cpp-queries/Security/CWE/CWE-079/CgiXss.bqrs.
[108/183 eval 53ms] Evaluation done; writing results to codeql/cpp-queries/Security/CWE/CWE-078/ExecTainted.bqrs.
Starting evaluation of codeql/cpp-queries/Security/CWE/CWE-114/UncontrolledProcessOperation.ql.
Starting evaluation of codeql/cpp-queries/Security/CWE/CWE-119/OverflowBuffer.ql.
[109/183 eval 14ms] Evaluation done; writing results to codeql/cpp-queries/Security/CWE/CWE-114/UncontrolledProcessOperation.bqrs.
Starting evaluation of codeql/cpp-queries/Security/CWE/CWE-119/OverrunWriteProductFlow.ql.
[110/183 eval 124ms] Evaluation done; writing results to codeql/cpp-queries/Security/CWE/CWE-089/SqlTainted.bqrs.
[111/183 eval 228ms] Evaluation done; writing results to codeql/cpp-queries/Security/CWE/CWE-119/OverflowBuffer.bqrs.
Starting evaluation of codeql/cpp-queries/Security/CWE/CWE-120/BadlyBoundedWrite.ql.
[112/183 eval 188ms] Evaluation done; writing results to codeql/cpp-queries/Security/CWE/CWE-120/BadlyBoundedWrite.bqrs.
Starting evaluation of codeql/cpp-queries/Security/CWE/CWE-120/OverrunWrite.ql.
[113/183 eval 30ms] Evaluation done; writing results to codeql/cpp-queries/Security/CWE/CWE-120/OverrunWrite.bqrs.
Starting evaluation of codeql/cpp-queries/Security/CWE/CWE-120/OverrunWriteFloat.ql.
[114/183 eval 49ms] Evaluation done; writing results to codeql/cpp-queries/Security/CWE/CWE-120/OverrunWriteFloat.bqrs.
Starting evaluation of codeql/cpp-queries/Security/CWE/CWE-120/UnboundedWrite.ql.
[115/183 eval 23ms] Evaluation done; writing results to codeql/cpp-queries/Security/CWE/CWE-120/UnboundedWrite.bqrs.
Starting evaluation of codeql/cpp-queries/Security/CWE/CWE-120/VeryLikelyOverrunWrite.ql.
Starting evaluation of codeql/cpp-queries/Security/CWE/CWE-121/UnterminatedVarargsCall.ql.
[116/183 eval 3ms] Evaluation done; writing results to codeql/cpp-queries/Security/CWE/CWE-120/VeryLikelyOverrunWrite.bqrs.
Starting evaluation of codeql/cpp-queries/Security/CWE/CWE-131/NoSpaceForZeroTerminator.ql.
[117/183 eval 76ms] Evaluation done; writing results to codeql/cpp-queries/Security/CWE/CWE-121/UnterminatedVarargsCall.bqrs.
[118/183 eval 86ms] Evaluation done; writing results to codeql/cpp-queries/Security/CWE/CWE-131/NoSpaceForZeroTerminator.bqrs.
Starting evaluation of codeql/cpp-queries/Security/CWE/CWE-134/UncontrolledFormatString.ql.
[119/183 eval 605ms] Evaluation done; writing results to codeql/cpp-queries/Security/CWE/CWE-134/UncontrolledFormatString.bqrs.
Starting evaluation of codeql/cpp-queries/Security/CWE/CWE-190/ArithmeticUncontrolled.ql.
Starting evaluation of codeql/cpp-queries/Security/CWE/CWE-190/ComparisonWithWiderType.ql.
[120/183 eval 438ms] Evaluation done; writing results to codeql/cpp-queries/Security/CWE/CWE-190/ArithmeticUncontrolled.bqrs.
Starting evaluation of codeql/cpp-queries/Security/CWE/CWE-190/TaintedAllocationSize.ql.
[121/183 eval 168ms] Evaluation done; writing results to codeql/cpp-queries/Security/CWE/CWE-190/ComparisonWithWiderType.bqrs.
Starting evaluation of codeql/cpp-queries/Security/CWE/CWE-191/UnsignedDifferenceExpressionComparedZero.ql.
[122/183 eval 252ms] Evaluation done; writing results to codeql/cpp-queries/Security/CWE/CWE-190/TaintedAllocationSize.bqrs.
Starting evaluation of codeql/cpp-queries/Security/CWE/CWE-193/InvalidPointerDeref.ql.
[123/183 eval 79ms] Evaluation done; writing results to codeql/cpp-queries/Security/CWE/CWE-191/UnsignedDifferenceExpressionComparedZero.bqrs.
[124/183 eval 3.7s] Evaluation done; writing results to codeql/cpp-queries/Security/CWE/CWE-119/OverrunWriteProductFlow.bqrs.
Starting evaluation of codeql/cpp-queries/Security/CWE/CWE-253/HResultBooleanConversion.ql.
Starting evaluation of codeql/cpp-queries/Security/CWE/CWE-290/AuthenticationBypass.ql.
[125/183 eval 15ms] Evaluation done; writing results to codeql/cpp-queries/Security/CWE/CWE-253/HResultBooleanConversion.bqrs.
Starting evaluation of codeql/cpp-queries/Security/CWE/CWE-295/SSLResultConflation.ql.
[126/183 eval 265ms] Evaluation done; writing results to codeql/cpp-queries/Security/CWE/CWE-290/AuthenticationBypass.bqrs.
Starting evaluation of codeql/cpp-queries/Security/CWE/CWE-295/SSLResultNotChecked.ql.
[127/183 eval 9ms] Evaluation done; writing results to codeql/cpp-queries/Security/CWE/CWE-295/SSLResultConflation.bqrs.
Starting evaluation of codeql/cpp-queries/Security/CWE/CWE-311/CleartextBufferWrite.ql.
[128/183 eval 3ms] Evaluation done; writing results to codeql/cpp-queries/Security/CWE/CWE-295/SSLResultNotChecked.bqrs.
Starting evaluation of codeql/cpp-queries/Security/CWE/CWE-311/CleartextFileWrite.ql.
[129/183 eval 44ms] Evaluation done; writing results to codeql/cpp-queries/Security/CWE/CWE-311/CleartextBufferWrite.bqrs.
Starting evaluation of codeql/cpp-queries/Security/CWE/CWE-311/CleartextTransmission.ql.
[130/183 eval 129ms] Evaluation done; writing results to codeql/cpp-queries/Security/CWE/CWE-311/CleartextFileWrite.bqrs.
Starting evaluation of codeql/cpp-queries/Security/CWE/CWE-313/CleartextSqliteDatabase.ql.
[131/183 eval 465ms] Evaluation done; writing results to codeql/cpp-queries/Security/CWE/CWE-311/CleartextTransmission.bqrs.
Starting evaluation of codeql/cpp-queries/Security/CWE/CWE-319/UseOfHttp.ql.
[132/183 eval 18ms] Evaluation done; writing results to codeql/cpp-queries/Security/CWE/CWE-313/CleartextSqliteDatabase.bqrs.
Starting evaluation of codeql/cpp-queries/Security/CWE/CWE-326/InsufficientKeySize.ql.
[133/183 eval 10ms] Evaluation done; writing results to codeql/cpp-queries/Security/CWE/CWE-319/UseOfHttp.bqrs.
Starting evaluation of codeql/cpp-queries/Security/CWE/CWE-327/BrokenCryptoAlgorithm.ql.
[134/183 eval 13ms] Evaluation done; writing results to codeql/cpp-queries/Security/CWE/CWE-326/InsufficientKeySize.bqrs.
Starting evaluation of codeql/cpp-queries/Security/CWE/CWE-327/OpenSslHeartbleed.ql.
[135/183 eval 477ms] Evaluation done; writing results to codeql/cpp-queries/Security/CWE/CWE-327/BrokenCryptoAlgorithm.bqrs.
Starting evaluation of codeql/cpp-queries/Security/CWE/CWE-367/TOCTOUFilesystemRace.ql.
[136/183 eval 4ms] Evaluation done; writing results to codeql/cpp-queries/Security/CWE/CWE-327/OpenSslHeartbleed.bqrs.
Starting evaluation of codeql/cpp-queries/Security/CWE/CWE-416/IteratorToExpiredContainer.ql.
[137/183 eval 505ms] Evaluation done; writing results to codeql/cpp-queries/Security/CWE/CWE-367/TOCTOUFilesystemRace.bqrs.
[138/183 eval 326ms] Evaluation done; writing results to codeql/cpp-queries/Security/CWE/CWE-416/IteratorToExpiredContainer.bqrs.
Starting evaluation of codeql/cpp-queries/Security/CWE/CWE-416/UseOfStringAfterLifetimeEnds.ql.
Starting evaluation of codeql/cpp-queries/Security/CWE/CWE-416/UseOfUniquePointerAfterLifetimeEnds.ql.
[139/183 eval 2.9s] Evaluation done; writing results to codeql/cpp-queries/Security/CWE/CWE-193/InvalidPointerDeref.bqrs.
Starting evaluation of codeql/cpp-queries/Security/CWE/CWE-428/UnsafeCreateProcessCall.ql.
[140/183 eval 91ms] Evaluation done; writing results to codeql/cpp-queries/Security/CWE/CWE-416/UseOfStringAfterLifetimeEnds.bqrs.
[141/183 eval 25ms] Evaluation done; writing results to codeql/cpp-queries/Security/CWE/CWE-416/UseOfUniquePointerAfterLifetimeEnds.bqrs.
Starting evaluation of codeql/cpp-queries/Security/CWE/CWE-468/IncorrectPointerScaling.ql.
Starting evaluation of codeql/cpp-queries/Security/CWE/CWE-468/IncorrectPointerScalingVoid.ql.
[142/183 eval 20ms] Evaluation done; writing results to codeql/cpp-queries/Security/CWE/CWE-428/UnsafeCreateProcessCall.bqrs.
Starting evaluation of codeql/cpp-queries/Security/CWE/CWE-468/SuspiciousAddWithSizeof.ql.
[143/183 eval 2ms] Evaluation done; writing results to codeql/cpp-queries/Security/CWE/CWE-468/SuspiciousAddWithSizeof.bqrs.
Starting evaluation of codeql/cpp-queries/Security/CWE/CWE-497/ExposedSystemData.ql.
Starting evaluation of codeql/cpp-queries/Security/CWE/CWE-497/PotentiallyExposedSystemData.ql.
[144/183 eval 58ms] Evaluation done; writing results to codeql/cpp-queries/Security/CWE/CWE-468/IncorrectPointerScalingVoid.bqrs.
[145/183 eval 56ms] Evaluation done; writing results to codeql/cpp-queries/Security/CWE/CWE-497/ExposedSystemData.bqrs.
Starting evaluation of codeql/cpp-queries/Security/CWE/CWE-570/IncorrectAllocationErrorHandling.ql.
[146/183 eval 69ms] Evaluation done; writing results to codeql/cpp-queries/Security/CWE/CWE-468/IncorrectPointerScaling.bqrs.
[147/183 eval 179ms] Evaluation done; writing results to codeql/cpp-queries/Security/CWE/CWE-497/PotentiallyExposedSystemData.bqrs.
Starting evaluation of codeql/cpp-queries/Security/CWE/CWE-611/XXE.ql.
[148/183 eval 14ms] Evaluation done; writing results to codeql/cpp-queries/Security/CWE/CWE-611/XXE.bqrs.
Starting evaluation of codeql/cpp-queries/Security/CWE/CWE-676/DangerousFunctionOverflow.ql.
Starting evaluation of codeql/cpp-queries/Security/CWE/CWE-676/DangerousUseOfCin.ql.
[149/183 eval 5ms] Evaluation done; writing results to codeql/cpp-queries/Security/CWE/CWE-676/DangerousFunctionOverflow.bqrs.
Starting evaluation of codeql/cpp-queries/Security/CWE/CWE-676/PotentiallyDangerousFunction.ql.
[150/183 eval 265ms] Evaluation done; writing results to codeql/cpp-queries/Security/CWE/CWE-570/IncorrectAllocationErrorHandling.bqrs.
[151/183 eval 16ms] Evaluation done; writing results to codeql/cpp-queries/Security/CWE/CWE-676/DangerousUseOfCin.bqrs.
Starting evaluation of codeql/cpp-queries/Security/CWE/CWE-704/WcharCharConversion.ql.
Starting evaluation of codeql/cpp-queries/Security/CWE/CWE-732/DoNotCreateWorldWritable.ql.
[152/183 eval 55ms] Evaluation done; writing results to codeql/cpp-queries/Security/CWE/CWE-676/PotentiallyDangerousFunction.bqrs.
[153/183 eval 9ms] Evaluation done; writing results to codeql/cpp-queries/Security/CWE/CWE-732/DoNotCreateWorldWritable.bqrs.
Starting evaluation of codeql/cpp-queries/Security/CWE/CWE-732/OpenCallMissingModeArgument.ql.
Starting evaluation of codeql/cpp-queries/Security/CWE/CWE-732/UnsafeDaclSecurityDescriptor.ql.
[154/183 eval 1ms] Evaluation done; writing results to codeql/cpp-queries/Security/CWE/CWE-732/OpenCallMissingModeArgument.bqrs.
Starting evaluation of codeql/cpp-queries/Security/CWE/CWE-807/TaintedCondition.ql.
[155/183 eval 9ms] Evaluation done; writing results to codeql/cpp-queries/Security/CWE/CWE-732/UnsafeDaclSecurityDescriptor.bqrs.
[156/183 eval 24ms] Evaluation done; writing results to codeql/cpp-queries/Security/CWE/CWE-807/TaintedCondition.bqrs.
Starting evaluation of codeql/cpp-queries/Security/CWE/CWE-843/TypeConfusion.ql.
[157/183 eval 107ms] Evaluation done; writing results to codeql/cpp-queries/Security/CWE/CWE-704/WcharCharConversion.bqrs.
Starting evaluation of codeql/cpp-queries/Summary/LinesOfCode.ql.
Starting evaluation of codeql/cpp-queries/Summary/LinesOfUserCode.ql.
[158/183 eval 2ms] Evaluation done; writing results to codeql/cpp-queries/Summary/LinesOfCode.bqrs.
[159/183 eval 436ms] Evaluation done; writing results to codeql/cpp-queries/Summary/LinesOfUserCode.bqrs.
Starting evaluation of codeql/cpp-queries/Telemetry/CompilerErrors.ql.
Starting evaluation of codeql/cpp-queries/Telemetry/DatabaseQuality.ql.
[160/183 eval 1ms] Evaluation done; writing results to codeql/cpp-queries/Telemetry/CompilerErrors.bqrs.
[161/183 eval 66ms] Evaluation done; writing results to codeql/cpp-queries/Telemetry/DatabaseQuality.bqrs.
Starting evaluation of codeql/cpp-queries/Telemetry/ExtractionMetrics.ql.
Starting evaluation of codeql/cpp-queries/Telemetry/ExtractorInformation.ql.
[162/183 eval 1ms] Evaluation done; writing results to codeql/cpp-queries/Telemetry/ExtractionMetrics.bqrs.
[163/183 eval 54ms] Evaluation done; writing results to codeql/cpp-queries/Telemetry/ExtractorInformation.bqrs.
Starting evaluation of codeql/cpp-queries/Telemetry/MissingIncludes.ql.
Starting evaluation of codeql/cpp-queries/Telemetry/SucceededIncludes.ql.
[164/183 eval 1ms] Evaluation done; writing results to codeql/cpp-queries/Telemetry/MissingIncludes.bqrs.
Starting evaluation of codeql/cpp-queries/jsf/4.06 Pre-Processing Directives/AV Rule 32.ql.
Starting evaluation of codeql/cpp-queries/jsf/4.07 Header Files/AV Rule 35.ql.
[165/183 eval 4ms] Evaluation done; writing results to codeql/cpp-queries/Telemetry/SucceededIncludes.bqrs.
[166/183 eval 2ms] Evaluation done; writing results to codeql/cpp-queries/jsf/4.06 Pre-Processing Directives/AV Rule 32.bqrs.
Starting evaluation of codeql/cpp-queries/jsf/4.10 Classes/AV Rule 71.1.ql.
[167/183 eval 841ms] Evaluation done; writing results to codeql/cpp-queries/Security/CWE/CWE-843/TypeConfusion.bqrs.
Starting evaluation of codeql/cpp-queries/jsf/4.10 Classes/AV Rule 79.ql.
Starting evaluation of codeql/cpp-queries/jsf/4.10 Classes/AV Rule 82.ql.
[168/183 eval 63ms] Evaluation done; writing results to codeql/cpp-queries/jsf/4.10 Classes/AV Rule 71.1.bqrs.
[169/183 eval 288ms] Evaluation done; writing results to codeql/cpp-queries/jsf/4.07 Header Files/AV Rule 35.bqrs.
Starting evaluation of codeql/cpp-queries/jsf/4.10 Classes/AV Rule 88.ql.
[170/183 eval 34ms] Evaluation done; writing results to codeql/cpp-queries/jsf/4.10 Classes/AV Rule 82.bqrs.
[171/183 eval 19ms] Evaluation done; writing results to codeql/cpp-queries/jsf/4.10 Classes/AV Rule 88.bqrs.
Starting evaluation of codeql/cpp-queries/jsf/4.10 Classes/AV Rule 89.ql.
Starting evaluation of codeql/cpp-queries/jsf/4.10 Classes/AV Rule 95.ql.
[172/183 eval 2ms] Evaluation done; writing results to codeql/cpp-queries/jsf/4.10 Classes/AV Rule 89.bqrs.
Starting evaluation of codeql/cpp-queries/jsf/4.10 Classes/AV Rule 97.ql.
[173/183 eval 10ms] Evaluation done; writing results to codeql/cpp-queries/jsf/4.10 Classes/AV Rule 95.bqrs.
Starting evaluation of codeql/cpp-queries/jsf/4.13 Functions/AV Rule 107.ql.
Starting evaluation of codeql/cpp-queries/jsf/4.13 Functions/AV Rule 114.ql.
[174/183 eval 80ms] Evaluation done; writing results to codeql/cpp-queries/jsf/4.10 Classes/AV Rule 79.bqrs.
[175/183 eval 9ms] Evaluation done; writing results to codeql/cpp-queries/jsf/4.10 Classes/AV Rule 97.bqrs.
Starting evaluation of codeql/cpp-queries/jsf/4.16 Initialization/AV Rule 145.ql.
[176/183 eval 10ms] Evaluation done; writing results to codeql/cpp-queries/jsf/4.13 Functions/AV Rule 107.bqrs.
[177/183 eval 14ms] Evaluation done; writing results to codeql/cpp-queries/jsf/4.16 Initialization/AV Rule 145.bqrs.
Starting evaluation of codeql/cpp-queries/jsf/4.17 Types/AV Rule 148.ql.
Starting evaluation of codeql/cpp-queries/jsf/4.21 Operators/AV Rule 166.ql.
[178/183 eval 26ms] Evaluation done; writing results to codeql/cpp-queries/jsf/4.13 Functions/AV Rule 114.bqrs.
[179/183 eval 41ms] Evaluation done; writing results to codeql/cpp-queries/jsf/4.17 Types/AV Rule 148.bqrs.
Starting evaluation of codeql/cpp-queries/jsf/4.24 Control Flow Structures/AV Rule 196.ql.
Starting evaluation of codeql/cpp-queries/jsf/4.24 Control Flow Structures/AV Rule 197.ql.
[180/183 eval 138ms] Evaluation done; writing results to codeql/cpp-queries/jsf/4.21 Operators/AV Rule 166.bqrs.
[181/183 eval 11ms] Evaluation done; writing results to codeql/cpp-queries/jsf/4.24 Control Flow Structures/AV Rule 196.bqrs.
Starting evaluation of codeql/cpp-queries/jsf/4.24 Control Flow Structures/AV Rule 201.ql.
[182/183 eval 13ms] Evaluation done; writing results to codeql/cpp-queries/jsf/4.24 Control Flow Structures/AV Rule 197.bqrs.
[183/183 eval 500ms] Evaluation done; writing results to codeql/cpp-queries/jsf/4.24 Control Flow Structures/AV Rule 201.bqrs.
Shutting down query evaluator.
Interpreting results.
Resolving extensions
Interpreting /home/jefferson/.cache/xverse-codeql-2.27.1/selected/codeql/qlpacks/codeql/cpp-queries/1.9.0/Header Cleanup/Cleanup-DuplicateIncludeGuard.ql...
Interpreting /home/jefferson/.cache/xverse-codeql-2.27.1/selected/codeql/qlpacks/codeql/cpp-queries/1.9.0/Documentation/FixmeComments.ql...
Interpreting /home/jefferson/.cache/xverse-codeql-2.27.1/selected/codeql/qlpacks/codeql/cpp-queries/1.9.0/Documentation/CommentedOutCode.ql...
Interpreting /home/jefferson/.cache/xverse-codeql-2.27.1/selected/codeql/qlpacks/codeql/cpp-queries/1.9.0/Critical/LargeParameter.ql...
Interpreting /home/jefferson/.cache/xverse-codeql-2.27.1/selected/codeql/qlpacks/codeql/cpp-queries/1.9.0/Critical/UseAfterFree.ql...
Interpreting /home/jefferson/.cache/xverse-codeql-2.27.1/selected/codeql/qlpacks/codeql/cpp-queries/1.9.0/Critical/DeadCodeGoto.ql...
Interpreting /home/jefferson/.cache/xverse-codeql-2.27.1/selected/codeql/qlpacks/codeql/cpp-queries/1.9.0/Critical/IncorrectCheckScanf.ql...
Interpreting /home/jefferson/.cache/xverse-codeql-2.27.1/selected/codeql/qlpacks/codeql/cpp-queries/1.9.0/Critical/NewDeleteArrayMismatch.ql...
Interpreting /home/jefferson/.cache/xverse-codeql-2.27.1/selected/codeql/qlpacks/codeql/cpp-queries/1.9.0/Critical/NewArrayDeleteMismatch.ql...
Interpreting /home/jefferson/.cache/xverse-codeql-2.27.1/selected/codeql/qlpacks/codeql/cpp-queries/1.9.0/Critical/DoubleFree.ql...
Interpreting /home/jefferson/.cache/xverse-codeql-2.27.1/selected/codeql/qlpacks/codeql/cpp-queries/1.9.0/Critical/NewFreeMismatch.ql...
Interpreting /home/jefferson/.cache/xverse-codeql-2.27.1/selected/codeql/qlpacks/codeql/cpp-queries/1.9.0/Critical/OverflowStatic.ql...
Interpreting /home/jefferson/.cache/xverse-codeql-2.27.1/selected/codeql/qlpacks/codeql/cpp-queries/1.9.0/Likely Bugs/ContinueInFalseLoop.ql...
Interpreting /home/jefferson/.cache/xverse-codeql-2.27.1/selected/codeql/qlpacks/codeql/cpp-queries/1.9.0/Likely Bugs/Conversion/LossyPointerCast.ql...
Interpreting /home/jefferson/.cache/xverse-codeql-2.27.1/selected/codeql/qlpacks/codeql/cpp-queries/1.9.0/Likely Bugs/Conversion/ArrayArgSizeMismatch.ql...
Interpreting /home/jefferson/.cache/xverse-codeql-2.27.1/selected/codeql/qlpacks/codeql/cpp-queries/1.9.0/Likely Bugs/Conversion/ImplicitDowncastFromBitfield.ql...
Interpreting /home/jefferson/.cache/xverse-codeql-2.27.1/selected/codeql/qlpacks/codeql/cpp-queries/1.9.0/Likely Bugs/Conversion/CastArrayPointerArithmetic.ql...
Interpreting /home/jefferson/.cache/xverse-codeql-2.27.1/selected/codeql/qlpacks/codeql/cpp-queries/1.9.0/Likely Bugs/Arithmetic/UnsignedGEZero.ql...
Interpreting /home/jefferson/.cache/xverse-codeql-2.27.1/selected/codeql/qlpacks/codeql/cpp-queries/1.9.0/Likely Bugs/Arithmetic/PointlessSelfComparison.ql...
Interpreting /home/jefferson/.cache/xverse-codeql-2.27.1/selected/codeql/qlpacks/codeql/cpp-queries/1.9.0/Likely Bugs/Arithmetic/IntMultToLong.ql...
Interpreting /home/jefferson/.cache/xverse-codeql-2.27.1/selected/codeql/qlpacks/codeql/cpp-queries/1.9.0/Likely Bugs/Arithmetic/FloatComparison.ql...
Interpreting /home/jefferson/.cache/xverse-codeql-2.27.1/selected/codeql/qlpacks/codeql/cpp-queries/1.9.0/Likely Bugs/Arithmetic/ComparisonPrecedence.ql...
Interpreting /home/jefferson/.cache/xverse-codeql-2.27.1/selected/codeql/qlpacks/codeql/cpp-queries/1.9.0/Likely Bugs/Arithmetic/PointlessComparison.ql...
Interpreting /home/jefferson/.cache/xverse-codeql-2.27.1/selected/codeql/qlpacks/codeql/cpp-queries/1.9.0/Likely Bugs/Arithmetic/BadAdditionOverflowCheck.ql...
Interpreting /home/jefferson/.cache/xverse-codeql-2.27.1/selected/codeql/qlpacks/codeql/cpp-queries/1.9.0/Likely Bugs/Arithmetic/SignedOverflowCheck.ql...
Interpreting /home/jefferson/.cache/xverse-codeql-2.27.1/selected/codeql/qlpacks/codeql/cpp-queries/1.9.0/Likely Bugs/Arithmetic/BitwiseSignCheck.ql...
Interpreting /home/jefferson/.cache/xverse-codeql-2.27.1/selected/codeql/qlpacks/codeql/cpp-queries/1.9.0/Likely Bugs/RedundantNullCheckSimple.ql...
Interpreting /home/jefferson/.cache/xverse-codeql-2.27.1/selected/codeql/qlpacks/codeql/cpp-queries/1.9.0/Likely Bugs/ReturnConstType.ql...
Interpreting /home/jefferson/.cache/xverse-codeql-2.27.1/selected/codeql/qlpacks/codeql/cpp-queries/1.9.0/Likely Bugs/Likely Typos/UsingStrcpyAsBoolean.ql...
Interpreting /home/jefferson/.cache/xverse-codeql-2.27.1/selected/codeql/qlpacks/codeql/cpp-queries/1.9.0/Likely Bugs/Likely Typos/AmbiguousAssignmentOfComparison.ql...
Interpreting /home/jefferson/.cache/xverse-codeql-2.27.1/selected/codeql/qlpacks/codeql/cpp-queries/1.9.0/Likely Bugs/Likely Typos/CompareWhereAssignMeant.ql...
Interpreting /home/jefferson/.cache/xverse-codeql-2.27.1/selected/codeql/qlpacks/codeql/cpp-queries/1.9.0/Likely Bugs/Likely Typos/ExprHasNoEffect.ql...
Interpreting /home/jefferson/.cache/xverse-codeql-2.27.1/selected/codeql/qlpacks/codeql/cpp-queries/1.9.0/Likely Bugs/Likely Typos/ShortCircuitBitMask.ql...
Interpreting /home/jefferson/.cache/xverse-codeql-2.27.1/selected/codeql/qlpacks/codeql/cpp-queries/1.9.0/Likely Bugs/Likely Typos/inconsistentLoopDirection.ql...
Interpreting /home/jefferson/.cache/xverse-codeql-2.27.1/selected/codeql/qlpacks/codeql/cpp-queries/1.9.0/Likely Bugs/Likely Typos/AssignWhereCompareMeant.ql...
Interpreting /home/jefferson/.cache/xverse-codeql-2.27.1/selected/codeql/qlpacks/codeql/cpp-queries/1.9.0/Likely Bugs/Likely Typos/FutileConditional.ql...
Interpreting /home/jefferson/.cache/xverse-codeql-2.27.1/selected/codeql/qlpacks/codeql/cpp-queries/1.9.0/Likely Bugs/Likely Typos/DubiousNullCheck.ql...
Interpreting /home/jefferson/.cache/xverse-codeql-2.27.1/selected/codeql/qlpacks/codeql/cpp-queries/1.9.0/Likely Bugs/OO/IncorrectConstructorDelegation.ql...
Interpreting /home/jefferson/.cache/xverse-codeql-2.27.1/selected/codeql/qlpacks/codeql/cpp-queries/1.9.0/Likely Bugs/OO/UnsafeUseOfThis.ql...
Interpreting /home/jefferson/.cache/xverse-codeql-2.27.1/selected/codeql/qlpacks/codeql/cpp-queries/1.9.0/Likely Bugs/OO/ThrowInDestructor.ql...
Interpreting /home/jefferson/.cache/xverse-codeql-2.27.1/selected/codeql/qlpacks/codeql/cpp-queries/1.9.0/Likely Bugs/OO/NonVirtualDestructorInBaseClass.ql...
Interpreting /home/jefferson/.cache/xverse-codeql-2.27.1/selected/codeql/qlpacks/codeql/cpp-queries/1.9.0/Likely Bugs/Format/WrongNumberOfFormatArguments.ql...
Interpreting /home/jefferson/.cache/xverse-codeql-2.27.1/selected/codeql/qlpacks/codeql/cpp-queries/1.9.0/Likely Bugs/Format/WrongTypeFormatArguments.ql...
Interpreting /home/jefferson/.cache/xverse-codeql-2.27.1/selected/codeql/qlpacks/codeql/cpp-queries/1.9.0/Likely Bugs/Format/NonConstantFormat.ql...
Interpreting /home/jefferson/.cache/xverse-codeql-2.27.1/selected/codeql/qlpacks/codeql/cpp-queries/1.9.0/Likely Bugs/Format/SnprintfOverflow.ql...
Interpreting /home/jefferson/.cache/xverse-codeql-2.27.1/selected/codeql/qlpacks/codeql/cpp-queries/1.9.0/Likely Bugs/Format/TooManyFormatArguments.ql...
Interpreting /home/jefferson/.cache/xverse-codeql-2.27.1/selected/codeql/qlpacks/codeql/cpp-queries/1.9.0/Likely Bugs/AmbiguouslySignedBitField.ql...
Interpreting /home/jefferson/.cache/xverse-codeql-2.27.1/selected/codeql/qlpacks/codeql/cpp-queries/1.9.0/Likely Bugs/Underspecified Functions/TooManyArguments.ql...
Interpreting /home/jefferson/.cache/xverse-codeql-2.27.1/selected/codeql/qlpacks/codeql/cpp-queries/1.9.0/Likely Bugs/Underspecified Functions/ImplicitFunctionDeclaration.ql...
Interpreting /home/jefferson/.cache/xverse-codeql-2.27.1/selected/codeql/qlpacks/codeql/cpp-queries/1.9.0/Likely Bugs/Underspecified Functions/TooFewArguments.ql...
Interpreting /home/jefferson/.cache/xverse-codeql-2.27.1/selected/codeql/qlpacks/codeql/cpp-queries/1.9.0/Likely Bugs/Memory Management/ReturnStackAllocatedMemory.ql...
Interpreting /home/jefferson/.cache/xverse-codeql-2.27.1/selected/codeql/qlpacks/codeql/cpp-queries/1.9.0/Likely Bugs/Memory Management/SuspiciousCallToStrncat.ql...
Interpreting /home/jefferson/.cache/xverse-codeql-2.27.1/selected/codeql/qlpacks/codeql/cpp-queries/1.9.0/Likely Bugs/Memory Management/PointerOverflow.ql...
Interpreting /home/jefferson/.cache/xverse-codeql-2.27.1/selected/codeql/qlpacks/codeql/cpp-queries/1.9.0/Likely Bugs/Memory Management/UsingExpiredStackAddress.ql...
Interpreting /home/jefferson/.cache/xverse-codeql-2.27.1/selected/codeql/qlpacks/codeql/cpp-queries/1.9.0/Likely Bugs/Memory Management/ReturnCstrOfLocalStdString.ql...
Interpreting /home/jefferson/.cache/xverse-codeql-2.27.1/selected/codeql/qlpacks/codeql/cpp-queries/1.9.0/Likely Bugs/Memory Management/AllocaInLoop.ql...
Interpreting /home/jefferson/.cache/xverse-codeql-2.27.1/selected/codeql/qlpacks/codeql/cpp-queries/1.9.0/Likely Bugs/UseInOwnInitializer.ql...
Interpreting /home/jefferson/.cache/xverse-codeql-2.27.1/selected/codeql/qlpacks/codeql/cpp-queries/1.9.0/Likely Bugs/ReturnConstTypeMember.ql...
Interpreting /home/jefferson/.cache/xverse-codeql-2.27.1/selected/codeql/qlpacks/codeql/cpp-queries/1.9.0/Best Practices/Unused Entities/UnusedLocals.ql...
Interpreting /home/jefferson/.cache/xverse-codeql-2.27.1/selected/codeql/qlpacks/codeql/cpp-queries/1.9.0/Best Practices/Unused Entities/UnusedStaticFunctions.ql...
Interpreting /home/jefferson/.cache/xverse-codeql-2.27.1/selected/codeql/qlpacks/codeql/cpp-queries/1.9.0/Best Practices/Unused Entities/UnusedStaticVariables.ql...
Interpreting /home/jefferson/.cache/xverse-codeql-2.27.1/selected/codeql/qlpacks/codeql/cpp-queries/1.9.0/Best Practices/BlockWithTooManyStatements.ql...
Interpreting /home/jefferson/.cache/xverse-codeql-2.27.1/selected/codeql/qlpacks/codeql/cpp-queries/1.9.0/Best Practices/SwitchLongCase.ql...
Interpreting /home/jefferson/.cache/xverse-codeql-2.27.1/selected/codeql/qlpacks/codeql/cpp-queries/1.9.0/Best Practices/GuardedFree.ql...
Interpreting /home/jefferson/.cache/xverse-codeql-2.27.1/selected/codeql/qlpacks/codeql/cpp-queries/1.9.0/Best Practices/UseOfGoto.ql...
Interpreting /home/jefferson/.cache/xverse-codeql-2.27.1/selected/codeql/qlpacks/codeql/cpp-queries/1.9.0/Best Practices/Likely Errors/Slicing.ql...
Interpreting /home/jefferson/.cache/xverse-codeql-2.27.1/selected/codeql/qlpacks/codeql/cpp-queries/1.9.0/Best Practices/Likely Errors/EmptyBlock.ql...
Interpreting /home/jefferson/.cache/xverse-codeql-2.27.1/selected/codeql/qlpacks/codeql/cpp-queries/1.9.0/Best Practices/ComplexCondition.ql...
Interpreting /home/jefferson/.cache/xverse-codeql-2.27.1/selected/codeql/qlpacks/codeql/cpp-queries/1.9.0/Best Practices/RuleOfTwo.ql...
Interpreting /home/jefferson/.cache/xverse-codeql-2.27.1/selected/codeql/qlpacks/codeql/cpp-queries/1.9.0/Best Practices/Exceptions/LeakyCatch.ql...
Interpreting /home/jefferson/.cache/xverse-codeql-2.27.1/selected/codeql/qlpacks/codeql/cpp-queries/1.9.0/Best Practices/Exceptions/CatchingByValue.ql...
Interpreting /home/jefferson/.cache/xverse-codeql-2.27.1/selected/codeql/qlpacks/codeql/cpp-queries/1.9.0/Best Practices/Exceptions/AccidentalRethrow.ql...
Interpreting /home/jefferson/.cache/xverse-codeql-2.27.1/selected/codeql/qlpacks/codeql/cpp-queries/1.9.0/Best Practices/Exceptions/ThrowingPointers.ql...
Interpreting /home/jefferson/.cache/xverse-codeql-2.27.1/selected/codeql/qlpacks/codeql/cpp-queries/1.9.0/Best Practices/Hiding/LocalVariableHidesGlobalVariable.ql...
Interpreting /home/jefferson/.cache/xverse-codeql-2.27.1/selected/codeql/qlpacks/codeql/cpp-queries/1.9.0/Best Practices/Hiding/DeclarationHidesVariable.ql...
Interpreting /home/jefferson/.cache/xverse-codeql-2.27.1/selected/codeql/qlpacks/codeql/cpp-queries/1.9.0/Best Practices/Hiding/DeclarationHidesParameter.ql...
Interpreting /home/jefferson/.cache/xverse-codeql-2.27.1/selected/codeql/qlpacks/codeql/cpp-queries/1.9.0/Best Practices/SloppyGlobal.ql...
Interpreting /home/jefferson/.cache/xverse-codeql-2.27.1/selected/codeql/qlpacks/codeql/cpp-queries/1.9.0/jsf/4.16 Initialization/AV Rule 145.ql...
Interpreting /home/jefferson/.cache/xverse-codeql-2.27.1/selected/codeql/qlpacks/codeql/cpp-queries/1.9.0/jsf/4.13 Functions/AV Rule 114.ql...
Interpreting /home/jefferson/.cache/xverse-codeql-2.27.1/selected/codeql/qlpacks/codeql/cpp-queries/1.9.0/jsf/4.13 Functions/AV Rule 107.ql...
Interpreting /home/jefferson/.cache/xverse-codeql-2.27.1/selected/codeql/qlpacks/codeql/cpp-queries/1.9.0/jsf/4.06 Pre-Processing Directives/AV Rule 32.ql...
Interpreting /home/jefferson/.cache/xverse-codeql-2.27.1/selected/codeql/qlpacks/codeql/cpp-queries/1.9.0/jsf/4.10 Classes/AV Rule 71.1.ql...
Interpreting /home/jefferson/.cache/xverse-codeql-2.27.1/selected/codeql/qlpacks/codeql/cpp-queries/1.9.0/jsf/4.10 Classes/AV Rule 88.ql...
Interpreting /home/jefferson/.cache/xverse-codeql-2.27.1/selected/codeql/qlpacks/codeql/cpp-queries/1.9.0/jsf/4.10 Classes/AV Rule 82.ql...
Interpreting /home/jefferson/.cache/xverse-codeql-2.27.1/selected/codeql/qlpacks/codeql/cpp-queries/1.9.0/jsf/4.10 Classes/AV Rule 95.ql...
Interpreting /home/jefferson/.cache/xverse-codeql-2.27.1/selected/codeql/qlpacks/codeql/cpp-queries/1.9.0/jsf/4.10 Classes/AV Rule 79.ql...
Interpreting /home/jefferson/.cache/xverse-codeql-2.27.1/selected/codeql/qlpacks/codeql/cpp-queries/1.9.0/jsf/4.10 Classes/AV Rule 89.ql...
Interpreting /home/jefferson/.cache/xverse-codeql-2.27.1/selected/codeql/qlpacks/codeql/cpp-queries/1.9.0/jsf/4.10 Classes/AV Rule 97.ql...
Interpreting /home/jefferson/.cache/xverse-codeql-2.27.1/selected/codeql/qlpacks/codeql/cpp-queries/1.9.0/jsf/4.24 Control Flow Structures/AV Rule 196.ql...
Interpreting /home/jefferson/.cache/xverse-codeql-2.27.1/selected/codeql/qlpacks/codeql/cpp-queries/1.9.0/jsf/4.24 Control Flow Structures/AV Rule 197.ql...
Interpreting /home/jefferson/.cache/xverse-codeql-2.27.1/selected/codeql/qlpacks/codeql/cpp-queries/1.9.0/jsf/4.24 Control Flow Structures/AV Rule 201.ql...
Interpreting /home/jefferson/.cache/xverse-codeql-2.27.1/selected/codeql/qlpacks/codeql/cpp-queries/1.9.0/jsf/4.07 Header Files/AV Rule 35.ql...
Interpreting /home/jefferson/.cache/xverse-codeql-2.27.1/selected/codeql/qlpacks/codeql/cpp-queries/1.9.0/jsf/4.21 Operators/AV Rule 166.ql...
Interpreting /home/jefferson/.cache/xverse-codeql-2.27.1/selected/codeql/qlpacks/codeql/cpp-queries/1.9.0/Security/CWE/CWE-732/OpenCallMissingModeArgument.ql...
Interpreting /home/jefferson/.cache/xverse-codeql-2.27.1/selected/codeql/qlpacks/codeql/cpp-queries/1.9.0/Security/CWE/CWE-732/UnsafeDaclSecurityDescriptor.ql...
Interpreting /home/jefferson/.cache/xverse-codeql-2.27.1/selected/codeql/qlpacks/codeql/cpp-queries/1.9.0/Security/CWE/CWE-120/VeryLikelyOverrunWrite.ql...
Interpreting /home/jefferson/.cache/xverse-codeql-2.27.1/selected/codeql/qlpacks/codeql/cpp-queries/1.9.0/Security/CWE/CWE-120/BadlyBoundedWrite.ql...
Interpreting /home/jefferson/.cache/xverse-codeql-2.27.1/selected/codeql/qlpacks/codeql/cpp-queries/1.9.0/Security/CWE/CWE-134/UncontrolledFormatString.ql...
Interpreting /home/jefferson/.cache/xverse-codeql-2.27.1/selected/codeql/qlpacks/codeql/cpp-queries/1.9.0/Security/CWE/CWE-191/UnsignedDifferenceExpressionComparedZero.ql...
Interpreting /home/jefferson/.cache/xverse-codeql-2.27.1/selected/codeql/qlpacks/codeql/cpp-queries/1.9.0/Security/CWE/CWE-327/BrokenCryptoAlgorithm.ql...
Interpreting /home/jefferson/.cache/xverse-codeql-2.27.1/selected/codeql/qlpacks/codeql/cpp-queries/1.9.0/Security/CWE/CWE-327/OpenSslHeartbleed.ql...
Interpreting /home/jefferson/.cache/xverse-codeql-2.27.1/selected/codeql/qlpacks/codeql/cpp-queries/1.9.0/Security/CWE/CWE-367/TOCTOUFilesystemRace.ql...
Interpreting /home/jefferson/.cache/xverse-codeql-2.27.1/selected/codeql/qlpacks/codeql/cpp-queries/1.9.0/Security/CWE/CWE-131/NoSpaceForZeroTerminator.ql...
Interpreting /home/jefferson/.cache/xverse-codeql-2.27.1/selected/codeql/qlpacks/codeql/cpp-queries/1.9.0/Security/CWE/CWE-416/UseOfStringAfterLifetimeEnds.ql...
Interpreting /home/jefferson/.cache/xverse-codeql-2.27.1/selected/codeql/qlpacks/codeql/cpp-queries/1.9.0/Security/CWE/CWE-416/IteratorToExpiredContainer.ql...
Interpreting /home/jefferson/.cache/xverse-codeql-2.27.1/selected/codeql/qlpacks/codeql/cpp-queries/1.9.0/Security/CWE/CWE-416/UseOfUniquePointerAfterLifetimeEnds.ql...
Interpreting /home/jefferson/.cache/xverse-codeql-2.27.1/selected/codeql/qlpacks/codeql/cpp-queries/1.9.0/Security/CWE/CWE-014/MemsetMayBeDeleted.ql...
Interpreting /home/jefferson/.cache/xverse-codeql-2.27.1/selected/codeql/qlpacks/codeql/cpp-queries/1.9.0/Security/CWE/CWE-326/InsufficientKeySize.ql...
Interpreting /home/jefferson/.cache/xverse-codeql-2.27.1/selected/codeql/qlpacks/codeql/cpp-queries/1.9.0/Security/CWE/CWE-704/WcharCharConversion.ql...
Interpreting /home/jefferson/.cache/xverse-codeql-2.27.1/selected/codeql/qlpacks/codeql/cpp-queries/1.9.0/Security/CWE/CWE-468/SuspiciousAddWithSizeof.ql...
Interpreting /home/jefferson/.cache/xverse-codeql-2.27.1/selected/codeql/qlpacks/codeql/cpp-queries/1.9.0/Security/CWE/CWE-611/XXE.ql...
Interpreting /home/jefferson/.cache/xverse-codeql-2.27.1/selected/codeql/qlpacks/codeql/cpp-queries/1.9.0/Security/CWE/CWE-078/ExecTainted.ql...
Interpreting /home/jefferson/.cache/xverse-codeql-2.27.1/selected/codeql/qlpacks/codeql/cpp-queries/1.9.0/Security/CWE/CWE-311/CleartextTransmission.ql...
Interpreting /home/jefferson/.cache/xverse-codeql-2.27.1/selected/codeql/qlpacks/codeql/cpp-queries/1.9.0/Security/CWE/CWE-311/CleartextFileWrite.ql...
Interpreting /home/jefferson/.cache/xverse-codeql-2.27.1/selected/codeql/qlpacks/codeql/cpp-queries/1.9.0/Security/CWE/CWE-676/DangerousFunctionOverflow.ql...
Interpreting /home/jefferson/.cache/xverse-codeql-2.27.1/selected/codeql/qlpacks/codeql/cpp-queries/1.9.0/Security/CWE/CWE-676/DangerousUseOfCin.ql...
Interpreting /home/jefferson/.cache/xverse-codeql-2.27.1/selected/codeql/qlpacks/codeql/cpp-queries/1.9.0/Security/CWE/CWE-079/CgiXss.ql...
Interpreting /home/jefferson/.cache/xverse-codeql-2.27.1/selected/codeql/qlpacks/codeql/cpp-queries/1.9.0/Security/CWE/CWE-253/HResultBooleanConversion.ql...
Interpreting /home/jefferson/.cache/xverse-codeql-2.27.1/selected/codeql/qlpacks/codeql/cpp-queries/1.9.0/Security/CWE/CWE-190/ComparisonWithWiderType.ql...
Interpreting /home/jefferson/.cache/xverse-codeql-2.27.1/selected/codeql/qlpacks/codeql/cpp-queries/1.9.0/Security/CWE/CWE-190/ArithmeticUncontrolled.ql...
Interpreting /home/jefferson/.cache/xverse-codeql-2.27.1/selected/codeql/qlpacks/codeql/cpp-queries/1.9.0/Security/CWE/CWE-089/SqlTainted.ql...
Interpreting /home/jefferson/.cache/xverse-codeql-2.27.1/selected/codeql/qlpacks/codeql/cpp-queries/1.9.0/Security/CWE/CWE-319/UseOfHttp.ql...
Interpreting /home/jefferson/.cache/xverse-codeql-2.27.1/selected/codeql/qlpacks/codeql/cpp-queries/1.9.0/Security/CWE/CWE-497/ExposedSystemData.ql...
Interpreting /home/jefferson/.cache/xverse-codeql-2.27.1/selected/codeql/qlpacks/codeql/cpp-queries/1.9.0/Documentation/UncommentedFunction.ql...
Interpreting /home/jefferson/.cache/xverse-codeql-2.27.1/selected/codeql/qlpacks/codeql/cpp-queries/1.9.0/Critical/SizeCheck2.ql...
Interpreting /home/jefferson/.cache/xverse-codeql-2.27.1/selected/codeql/qlpacks/codeql/cpp-queries/1.9.0/Critical/SizeCheck.ql...
Interpreting /home/jefferson/.cache/xverse-codeql-2.27.1/selected/codeql/qlpacks/codeql/cpp-queries/1.9.0/Critical/MissingCheckScanf.ql...
Interpreting /home/jefferson/.cache/xverse-codeql-2.27.1/selected/codeql/qlpacks/codeql/cpp-queries/1.9.0/Likely Bugs/InconsistentCallOnResult.ql...
Interpreting /home/jefferson/.cache/xverse-codeql-2.27.1/selected/codeql/qlpacks/codeql/cpp-queries/1.9.0/Likely Bugs/Conversion/LossyFunctionResultCast.ql...
Interpreting /home/jefferson/.cache/xverse-codeql-2.27.1/selected/codeql/qlpacks/codeql/cpp-queries/1.9.0/Likely Bugs/Arithmetic/BadCheckOdd.ql...
Interpreting /home/jefferson/.cache/xverse-codeql-2.27.1/selected/codeql/qlpacks/codeql/cpp-queries/1.9.0/Likely Bugs/Likely Typos/MissingEnumCaseInSwitch.ql...
Interpreting /home/jefferson/.cache/xverse-codeql-2.27.1/selected/codeql/qlpacks/codeql/cpp-queries/1.9.0/Likely Bugs/Likely Typos/IncorrectNotOperatorUsage.ql...
Interpreting /home/jefferson/.cache/xverse-codeql-2.27.1/selected/codeql/qlpacks/codeql/cpp-queries/1.9.0/Likely Bugs/InconsistentCheckReturnNull.ql...
Interpreting /home/jefferson/.cache/xverse-codeql-2.27.1/selected/codeql/qlpacks/codeql/cpp-queries/1.9.0/Likely Bugs/Leap Year/UncheckedReturnValueForTimeFunctions.ql...
Interpreting /home/jefferson/.cache/xverse-codeql-2.27.1/selected/codeql/qlpacks/codeql/cpp-queries/1.9.0/Likely Bugs/Leap Year/UncheckedLeapYearAfterYearModification.ql...
Interpreting /home/jefferson/.cache/xverse-codeql-2.27.1/selected/codeql/qlpacks/codeql/cpp-queries/1.9.0/Likely Bugs/Leap Year/Adding365DaysPerYear.ql...
Interpreting /home/jefferson/.cache/xverse-codeql-2.27.1/selected/codeql/qlpacks/codeql/cpp-queries/1.9.0/Likely Bugs/Underspecified Functions/MistypedFunctionArguments.ql...
Interpreting /home/jefferson/.cache/xverse-codeql-2.27.1/selected/codeql/qlpacks/codeql/cpp-queries/1.9.0/Likely Bugs/Memory Management/StrncpyFlippedArgs.ql...
Interpreting /home/jefferson/.cache/xverse-codeql-2.27.1/selected/codeql/qlpacks/codeql/cpp-queries/1.9.0/Likely Bugs/Memory Management/UnsafeUseOfStrcat.ql...
Interpreting /home/jefferson/.cache/xverse-codeql-2.27.1/selected/codeql/qlpacks/codeql/cpp-queries/1.9.0/Likely Bugs/Memory Management/UninitializedLocal.ql...
Interpreting /home/jefferson/.cache/xverse-codeql-2.27.1/selected/codeql/qlpacks/codeql/cpp-queries/1.9.0/Likely Bugs/Memory Management/SuspiciousSizeof.ql...
Interpreting /home/jefferson/.cache/xverse-codeql-2.27.1/selected/codeql/qlpacks/codeql/cpp-queries/1.9.0/Likely Bugs/Memory Management/StackAddressEscapes.ql...
Interpreting /home/jefferson/.cache/xverse-codeql-2.27.1/selected/codeql/qlpacks/codeql/cpp-queries/1.9.0/Likely Bugs/NestedLoopSameVar.ql...
Interpreting /home/jefferson/.cache/xverse-codeql-2.27.1/selected/codeql/qlpacks/codeql/cpp-queries/1.9.0/Likely Bugs/Protocols/UseOfDeprecatedHardcodedProtocol.ql...
Interpreting /home/jefferson/.cache/xverse-codeql-2.27.1/selected/codeql/qlpacks/codeql/cpp-queries/1.9.0/Likely Bugs/Protocols/TlsSettingsMisconfiguration.ql...
Interpreting /home/jefferson/.cache/xverse-codeql-2.27.1/selected/codeql/qlpacks/codeql/cpp-queries/1.9.0/Best Practices/Likely Errors/CommaBeforeMisleadingIndentation.ql...
Interpreting /home/jefferson/.cache/xverse-codeql-2.27.1/selected/codeql/qlpacks/codeql/cpp-queries/1.9.0/Best Practices/Likely Errors/OffsetUseBeforeRangeCheck.ql...
Interpreting /home/jefferson/.cache/xverse-codeql-2.27.1/selected/codeql/qlpacks/codeql/cpp-queries/1.9.0/jsf/4.17 Types/AV Rule 148.ql...
Interpreting /home/jefferson/.cache/xverse-codeql-2.27.1/selected/codeql/qlpacks/codeql/cpp-queries/1.9.0/Security/CWE/CWE-313/CleartextSqliteDatabase.ql...
Interpreting /home/jefferson/.cache/xverse-codeql-2.27.1/selected/codeql/qlpacks/codeql/cpp-queries/1.9.0/Security/CWE/CWE-114/UncontrolledProcessOperation.ql...
Interpreting /home/jefferson/.cache/xverse-codeql-2.27.1/selected/codeql/qlpacks/codeql/cpp-queries/1.9.0/Security/CWE/CWE-022/TaintedPath.ql...
Interpreting /home/jefferson/.cache/xverse-codeql-2.27.1/selected/codeql/qlpacks/codeql/cpp-queries/1.9.0/Security/CWE/CWE-732/DoNotCreateWorldWritable.ql...
Interpreting /home/jefferson/.cache/xverse-codeql-2.27.1/selected/codeql/qlpacks/codeql/cpp-queries/1.9.0/Security/CWE/CWE-120/OverrunWrite.ql...
Interpreting /home/jefferson/.cache/xverse-codeql-2.27.1/selected/codeql/qlpacks/codeql/cpp-queries/1.9.0/Security/CWE/CWE-120/UnboundedWrite.ql...
Interpreting /home/jefferson/.cache/xverse-codeql-2.27.1/selected/codeql/qlpacks/codeql/cpp-queries/1.9.0/Security/CWE/CWE-120/OverrunWriteFloat.ql...
Interpreting /home/jefferson/.cache/xverse-codeql-2.27.1/selected/codeql/qlpacks/codeql/cpp-queries/1.9.0/Security/CWE/CWE-807/TaintedCondition.ql...
Interpreting /home/jefferson/.cache/xverse-codeql-2.27.1/selected/codeql/qlpacks/codeql/cpp-queries/1.9.0/Security/CWE/CWE-193/InvalidPointerDeref.ql...
Interpreting /home/jefferson/.cache/xverse-codeql-2.27.1/selected/codeql/qlpacks/codeql/cpp-queries/1.9.0/Security/CWE/CWE-290/AuthenticationBypass.ql...
Interpreting /home/jefferson/.cache/xverse-codeql-2.27.1/selected/codeql/qlpacks/codeql/cpp-queries/1.9.0/Security/CWE/CWE-121/UnterminatedVarargsCall.ql...
Interpreting /home/jefferson/.cache/xverse-codeql-2.27.1/selected/codeql/qlpacks/codeql/cpp-queries/1.9.0/Security/CWE/CWE-295/SSLResultNotChecked.ql...
Interpreting /home/jefferson/.cache/xverse-codeql-2.27.1/selected/codeql/qlpacks/codeql/cpp-queries/1.9.0/Security/CWE/CWE-295/SSLResultConflation.ql...
Interpreting /home/jefferson/.cache/xverse-codeql-2.27.1/selected/codeql/qlpacks/codeql/cpp-queries/1.9.0/Security/CWE/CWE-119/OverrunWriteProductFlow.ql...
Interpreting /home/jefferson/.cache/xverse-codeql-2.27.1/selected/codeql/qlpacks/codeql/cpp-queries/1.9.0/Security/CWE/CWE-119/OverflowBuffer.ql...
Interpreting /home/jefferson/.cache/xverse-codeql-2.27.1/selected/codeql/qlpacks/codeql/cpp-queries/1.9.0/Security/CWE/CWE-843/TypeConfusion.ql...
Interpreting /home/jefferson/.cache/xverse-codeql-2.27.1/selected/codeql/qlpacks/codeql/cpp-queries/1.9.0/Security/CWE/CWE-468/IncorrectPointerScaling.ql...
Interpreting /home/jefferson/.cache/xverse-codeql-2.27.1/selected/codeql/qlpacks/codeql/cpp-queries/1.9.0/Security/CWE/CWE-468/IncorrectPointerScalingVoid.ql...
Interpreting /home/jefferson/.cache/xverse-codeql-2.27.1/selected/codeql/qlpacks/codeql/cpp-queries/1.9.0/Security/CWE/CWE-311/CleartextBufferWrite.ql...
Interpreting /home/jefferson/.cache/xverse-codeql-2.27.1/selected/codeql/qlpacks/codeql/cpp-queries/1.9.0/Security/CWE/CWE-570/IncorrectAllocationErrorHandling.ql...
Interpreting /home/jefferson/.cache/xverse-codeql-2.27.1/selected/codeql/qlpacks/codeql/cpp-queries/1.9.0/Security/CWE/CWE-676/PotentiallyDangerousFunction.ql...
Interpreting /home/jefferson/.cache/xverse-codeql-2.27.1/selected/codeql/qlpacks/codeql/cpp-queries/1.9.0/Security/CWE/CWE-190/TaintedAllocationSize.ql...
Interpreting /home/jefferson/.cache/xverse-codeql-2.27.1/selected/codeql/qlpacks/codeql/cpp-queries/1.9.0/Security/CWE/CWE-428/UnsafeCreateProcessCall.ql...
Interpreting /home/jefferson/.cache/xverse-codeql-2.27.1/selected/codeql/qlpacks/codeql/cpp-queries/1.9.0/Security/CWE/CWE-497/PotentiallyExposedSystemData.ql...
Interpreting /home/jefferson/.cache/xverse-codeql-2.27.1/selected/codeql/qlpacks/codeql/cpp-queries/1.9.0/Diagnostics/ExtractionWarnings.ql...
Interpreting /home/jefferson/.cache/xverse-codeql-2.27.1/selected/codeql/qlpacks/codeql/cpp-queries/1.9.0/Diagnostics/ExtractedFiles.ql...
Interpreting /home/jefferson/.cache/xverse-codeql-2.27.1/selected/codeql/qlpacks/codeql/cpp-queries/1.9.0/Diagnostics/FailedExtractorInvocations.ql...
Interpreting /home/jefferson/.cache/xverse-codeql-2.27.1/selected/codeql/qlpacks/codeql/cpp-queries/1.9.0/Summary/LinesOfCode.ql...
Interpreting /home/jefferson/.cache/xverse-codeql-2.27.1/selected/codeql/qlpacks/codeql/cpp-queries/1.9.0/Summary/LinesOfUserCode.ql...
Interpreting /home/jefferson/.cache/xverse-codeql-2.27.1/selected/codeql/qlpacks/codeql/cpp-queries/1.9.0/Telemetry/MissingIncludes.ql...
Interpreting /home/jefferson/.cache/xverse-codeql-2.27.1/selected/codeql/qlpacks/codeql/cpp-queries/1.9.0/Telemetry/ExtractionMetrics.ql...
Interpreting /home/jefferson/.cache/xverse-codeql-2.27.1/selected/codeql/qlpacks/codeql/cpp-queries/1.9.0/Telemetry/CompilerErrors.ql...
Interpreting /home/jefferson/.cache/xverse-codeql-2.27.1/selected/codeql/qlpacks/codeql/cpp-queries/1.9.0/Telemetry/SucceededIncludes.ql...
Interpreting /home/jefferson/.cache/xverse-codeql-2.27.1/selected/codeql/qlpacks/codeql/cpp-queries/1.9.0/Telemetry/ExtractorInformation.ql...
Interpreting /home/jefferson/.cache/xverse-codeql-2.27.1/selected/codeql/qlpacks/codeql/cpp-queries/1.9.0/Telemetry/DatabaseQuality.ql...
Reading source archive /tmp/xverse-t025-review/codeql-db/src.zip
CodeQL scanned 5 out of 65 C/C++ files in this invocation. Typically CodeQL is configured to analyze a single CodeQL language per invocation, so check other invocations to determine overall coverage information.
Exporting results to SARIF v2.1.0...
Exported results to SARIF v2.1.0 (111ms).
