Initializing database at /tmp/xverse-t025-review/codeql-db.
Running build command: [cmake, --build, /tmp/xverse-t025-review/codeql-build, --target, xverse_xcom_validation_unit_tests, xverse_xcom_validation_integration_tests, xverse_xcom_validation_validation_tests, -j, 4]
Running command in /tmp/xverse-t025-review/clone: [cmake, --build, /tmp/xverse-t025-review/codeql-build, --target, xverse_xcom_validation_unit_tests, xverse_xcom_validation_integration_tests, xverse_xcom_validation_validation_tests, -j, 4]
[2026-09-27 00:05:54] [build-stdout] [1/8] Building CXX object src/xverse/xcom/CMakeFiles/xverse_xcom_validation_session.dir/src/validation_session.cpp.o
[2026-09-27 00:05:54] [build-stdout] [2/8] Linking CXX static library src/xverse/xcom/libxverse_xcom_validation_session.a
[2026-09-27 00:05:54] [build-stdout] [3/8] Building CXX object src/xverse/xcom/CMakeFiles/xverse_xcom_validation_validation_tests.dir/__/__/__/tests/xcom/validation_session/validation_tests.cpp.o
[2026-09-27 00:05:54] [build-stdout] [4/8] Building CXX object src/xverse/xcom/CMakeFiles/xverse_xcom_validation_integration_tests.dir/__/__/__/tests/xcom/validation_session/integration_tests.cpp.o
[2026-09-27 00:05:55] [build-stdout] [5/8] Linking CXX executable src/xverse/xcom/xverse_xcom_validation_validation_tests
[2026-09-27 00:05:55] [build-stdout] [6/8] Linking CXX executable src/xverse/xcom/xverse_xcom_validation_integration_tests
[2026-09-27 00:05:59] [build-stdout] [7/8] Building CXX object src/xverse/xcom/CMakeFiles/xverse_xcom_validation_unit_tests.dir/__/__/__/tests/xcom/validation_session/unit_tests.cpp.o
[2026-09-27 00:05:59] [build-stdout] [8/8] Linking CXX executable src/xverse/xcom/xverse_xcom_validation_unit_tests
Finalizing database at /tmp/xverse-t025-review/codeql-db.
Running pre-finalize script /home/jefferson/.cache/xverse-codeql-2.27.1/selected/codeql/cpp/tools/pre-finalize.sh in /tmp/xverse-t025-review/clone.
Running command in /tmp/xverse-t025-review/clone: [/home/jefferson/.cache/xverse-codeql-2.27.1/selected/codeql/cpp/tools/pre-finalize.sh]
Pre-finalize script /home/jefferson/.cache/xverse-codeql-2.27.1/selected/codeql/cpp/tools/pre-finalize.sh completed in 9 ms.
Running TRAP import for CodeQL database at /tmp/xverse-t025-review/codeql-db...
Grouping TRAP files by link target
Grouping unlinked TRAP files together
Scanning TRAP files
Importing TRAP files
Merging relations
Finished writing database (relations: 9.03 MiB; string pool: 9.53 MiB).
TRAP import complete (8.1s).
Finished zipping source archive (1.39 MiB).
Successfully created database at /tmp/xverse-t025-review/codeql-db.
