X-COM observation retained performance evidence:
candidate_revision=92dde5ff9971867b30c478a3f43b721745dd3edb
build_generator=Ninja
build_type=Debug
language_standard=c++20
Internal ctest changing into directory: /tmp/xcom-observation-build-oomf33xc/build
UpdateCTestConfiguration  from :/tmp/xcom-observation-build-oomf33xc/build/DartConfiguration.tcl
Parse Config file:/tmp/xcom-observation-build-oomf33xc/build/DartConfiguration.tcl
UpdateCTestConfiguration  from :/tmp/xcom-observation-build-oomf33xc/build/DartConfiguration.tcl
Parse Config file:/tmp/xcom-observation-build-oomf33xc/build/DartConfiguration.tcl
Test project /tmp/xcom-observation-build-oomf33xc/build
Constructing a list of tests
Done constructing a list of tests
Updating test list for fixtures
Added 0 tests to meet fixture requirements
Checking test dependency graph...
Checking test dependency graph end
test 15
    Start 15: xcom_observation_disabled_benchmark

15: Test command: /tmp/xcom-observation-build-oomf33xc/build/src/xverse/xcom/xverse_xcom_observation_disabled_benchmark
15: Test timeout computed to be: 1500
15: fixture=owned-loopback-disabled-observation
15: baseline_revision=39977ba9e724524dfc42a51e53fa3d61a8964a85
15: baseline_path=private-test-seam-exact-pre-observation-submit
15: candidate_path=public-submit-null-observation-hub
15: target=linux-x86_64
15: compiler=11.4.0
15: steady_clock=true
15: hardware_concurrency_hint=32
15: paired_samples=21
15: iterations_per_sample=5000
15: pair_order=alternating
15: baseline_median_latency_ns=12482.2
15: disabled_median_latency_ns=12575.7
15: paired_median_latency_regression_percent=0.742595
15: baseline_median_throughput_pairs_per_second=80114.1
15: disabled_median_throughput_pairs_per_second=79518.5
15: paired_median_throughput_regression_percent=0.737121
15: accepted_threshold_percent=2
15: uncertainty=single-process steady-clock; CPU affinity, scheduler load, DVFS, thermal state, and cache state are uncontrolled
15: claim=prototype fixture only; not a production performance claim
15: sample[0].baseline_latency_ns=12448
15: sample[0].disabled_latency_ns=12545.7
15: sample[0].latency_regression_percent=0.784155
15: sample[0].baseline_throughput_pairs_per_second=80333.9
15: sample[0].disabled_throughput_pairs_per_second=79708.9
15: sample[0].throughput_regression_percent=0.778054
15: sample[1].baseline_latency_ns=12487.5
15: sample[1].disabled_latency_ns=12596.5
15: sample[1].latency_regression_percent=0.872839
15: sample[1].baseline_throughput_pairs_per_second=80080.1
15: sample[1].disabled_throughput_pairs_per_second=79387.1
15: sample[1].throughput_regression_percent=0.865286
15: sample[2].baseline_latency_ns=12521.9
15: sample[2].disabled_latency_ns=12594.6
15: sample[2].latency_regression_percent=0.580929
15: sample[2].baseline_throughput_pairs_per_second=79860
15: sample[2].disabled_throughput_pairs_per_second=79398.8
15: sample[2].throughput_regression_percent=0.577574
15: sample[3].baseline_latency_ns=12507.1
15: sample[3].disabled_latency_ns=12580.6
15: sample[3].latency_regression_percent=0.587337
15: sample[3].baseline_throughput_pairs_per_second=79954.4
15: sample[3].disabled_throughput_pairs_per_second=79487.5
15: sample[3].throughput_regression_percent=0.583908
15: sample[4].baseline_latency_ns=12503.3
15: sample[4].disabled_latency_ns=12578.9
15: sample[4].latency_regression_percent=0.604642
15: sample[4].baseline_throughput_pairs_per_second=79978.9
15: sample[4].disabled_throughput_pairs_per_second=79498.3
15: sample[4].throughput_regression_percent=0.601008
15: sample[5].baseline_latency_ns=12508.7
15: sample[5].disabled_latency_ns=12558.2
15: sample[5].latency_regression_percent=0.396072
15: sample[5].baseline_throughput_pairs_per_second=79944.5
15: sample[5].disabled_throughput_pairs_per_second=79629.1
15: sample[5].throughput_regression_percent=0.39451
15: sample[6].baseline_latency_ns=12472.5
15: sample[6].disabled_latency_ns=12579.8
15: sample[6].latency_regression_percent=0.860187
15: sample[6].baseline_throughput_pairs_per_second=80176.4
15: sample[6].disabled_throughput_pairs_per_second=79492.6
15: sample[6].throughput_regression_percent=0.852851
15: sample[7].baseline_latency_ns=12526.5
15: sample[7].disabled_latency_ns=12593.5
15: sample[7].latency_regression_percent=0.535447
15: sample[7].baseline_throughput_pairs_per_second=79830.9
15: sample[7].disabled_throughput_pairs_per_second=79405.8
15: sample[7].throughput_regression_percent=0.532595
15: sample[8].baseline_latency_ns=12433.5
15: sample[8].disabled_latency_ns=12582.6
15: sample[8].latency_regression_percent=1.19891
15: sample[8].baseline_throughput_pairs_per_second=80427.8
15: sample[8].disabled_throughput_pairs_per_second=79475
15: sample[8].throughput_regression_percent=1.1847
15: sample[9].baseline_latency_ns=12539.8
15: sample[9].disabled_latency_ns=12634
15: sample[9].latency_regression_percent=0.751458
15: sample[9].baseline_throughput_pairs_per_second=79746.4
15: sample[9].disabled_throughput_pairs_per_second=79151.6
15: sample[9].throughput_regression_percent=0.745854
15: sample[10].baseline_latency_ns=12485.9
15: sample[10].disabled_latency_ns=12575.7
15: sample[10].latency_regression_percent=0.71943
15: sample[10].baseline_throughput_pairs_per_second=80090.6
15: sample[10].disabled_throughput_pairs_per_second=79518.5
15: sample[10].throughput_regression_percent=0.714291
15: sample[11].baseline_latency_ns=12460.7
15: sample[11].disabled_latency_ns=12541.3
15: sample[11].latency_regression_percent=0.647394
15: sample[11].baseline_throughput_pairs_per_second=80252.5
15: sample[11].disabled_throughput_pairs_per_second=79736.3
15: sample[11].throughput_regression_percent=0.643229
15: sample[12].baseline_latency_ns=12485.4
15: sample[12].disabled_latency_ns=12581.5
15: sample[12].latency_regression_percent=0.769827
15: sample[12].baseline_throughput_pairs_per_second=80093.7
15: sample[12].disabled_throughput_pairs_per_second=79481.8
15: sample[12].throughput_regression_percent=0.763946
15: sample[13].baseline_latency_ns=12481.3
15: sample[13].disabled_latency_ns=12555.4
15: sample[13].latency_regression_percent=0.592988
15: sample[13].baseline_throughput_pairs_per_second=80119.6
15: sample[13].disabled_throughput_pairs_per_second=79647.3
15: sample[13].throughput_regression_percent=0.589492
15: sample[14].baseline_latency_ns=12450.7
15: sample[14].disabled_latency_ns=12552.7
15: sample[14].latency_regression_percent=0.819096
15: sample[14].baseline_throughput_pairs_per_second=80316.9
15: sample[14].disabled_throughput_pairs_per_second=79664.4
15: sample[14].throughput_regression_percent=0.812441
15: sample[15].baseline_latency_ns=12482.2
15: sample[15].disabled_latency_ns=12568.7
15: sample[15].latency_regression_percent=0.693396
15: sample[15].baseline_throughput_pairs_per_second=80114.1
15: sample[15].disabled_throughput_pairs_per_second=79562.5
15: sample[15].throughput_regression_percent=0.688621
15: sample[16].baseline_latency_ns=12515.5
15: sample[16].disabled_latency_ns=12496.4
15: sample[16].latency_regression_percent=-0.152012
15: sample[16].baseline_throughput_pairs_per_second=79901.1
15: sample[16].disabled_throughput_pairs_per_second=80022.8
15: sample[16].throughput_regression_percent=-0.152243
15: sample[17].baseline_latency_ns=12430.1
15: sample[17].disabled_latency_ns=12526.3
15: sample[17].latency_regression_percent=0.773845
15: sample[17].baseline_throughput_pairs_per_second=80450.1
15: sample[17].disabled_throughput_pairs_per_second=79832.3
15: sample[17].throughput_regression_percent=0.767902
15: sample[18].baseline_latency_ns=12404.1
15: sample[18].disabled_latency_ns=12496.2
15: sample[18].latency_regression_percent=0.742595
15: sample[18].baseline_throughput_pairs_per_second=80618.4
15: sample[18].disabled_throughput_pairs_per_second=80024.1
15: sample[18].throughput_regression_percent=0.737121
15: sample[19].baseline_latency_ns=12407.5
15: sample[19].disabled_latency_ns=12513
15: sample[19].latency_regression_percent=0.850543
15: sample[19].baseline_throughput_pairs_per_second=80596.4
15: sample[19].disabled_throughput_pairs_per_second=79916.7
15: sample[19].throughput_regression_percent=0.84337
15: sample[20].baseline_latency_ns=12439.1
15: sample[20].disabled_latency_ns=12583.5
15: sample[20].latency_regression_percent=1.16104
15: sample[20].baseline_throughput_pairs_per_second=80391.8
15: sample[20].disabled_throughput_pairs_per_second=79469.1
15: sample[20].throughput_regression_percent=1.14771
15: latency_threshold=PASS
15: throughput_threshold=PASS
1/1 Test #15: xcom_observation_disabled_benchmark ...   Passed    2.76 sec

The following tests passed:
	xcom_observation_disabled_benchmark

100% tests passed, 0 tests failed out of 1

Label Time Summary:
observation    =   2.76 sec*proc (1 test)
performance    =   2.76 sec*proc (1 test)

Total Test time (real) =   2.76 sec
X-COM observation exact candidate: 92dde5ff9971867b30c478a3f43b721745dd3edb
X-COM accepted predecessor validate_xcom_core_types.py evidence:
X-COM core-types all validation passed
X-COM accepted predecessor validate_xcom_endpoint_route_lifecycle.py evidence:
X-COM core-types all validation passed
X-COM endpoint/route lifecycle all validation passed
X-COM accepted predecessor validate_xcom_provider_loopback.py evidence:
X-COM core-types all validation passed
X-COM endpoint/route lifecycle all validation passed
X-COM provider-loopback all validation passed
X-COM observation all validation passed
