X-COM observation retained performance evidence:
candidate_revision=25c650830c865c0ae0170a8eed53da7e8f076d8f
build_generator=Ninja
build_type=Debug
language_standard=c++20
Internal ctest changing into directory: /tmp/xcom-observation-build-9ti13mx4/build
UpdateCTestConfiguration  from :/tmp/xcom-observation-build-9ti13mx4/build/DartConfiguration.tcl
Parse Config file:/tmp/xcom-observation-build-9ti13mx4/build/DartConfiguration.tcl
UpdateCTestConfiguration  from :/tmp/xcom-observation-build-9ti13mx4/build/DartConfiguration.tcl
Parse Config file:/tmp/xcom-observation-build-9ti13mx4/build/DartConfiguration.tcl
Test project /tmp/xcom-observation-build-9ti13mx4/build
Constructing a list of tests
Done constructing a list of tests
Updating test list for fixtures
Added 0 tests to meet fixture requirements
Checking test dependency graph...
Checking test dependency graph end
test 15
    Start 15: xcom_observation_disabled_benchmark

15: Test command: /tmp/xcom-observation-build-9ti13mx4/build/src/xverse/xcom/xverse_xcom_observation_disabled_benchmark
15: Test timeout computed to be: 1500
15: fixture=owned-loopback-disabled-observation
15: baseline_revision=39977ba9e724524dfc42a51e53fa3d61a8964a85
15: baseline_path=private-test-seam-exact-pre-observation-submit
15: candidate_path=public-submit-null-observation-hub
15: target=linux-x86_64
15: compiler=11.4.0
15: steady_clock=true
15: hardware_concurrency_hint=32
15: paired_samples=21
15: iterations_per_sample=5000
15: pair_order=alternating
15: baseline_median_latency_ns=12433.1
15: disabled_median_latency_ns=12543
15: paired_median_latency_regression_percent=0.94562
15: baseline_median_throughput_pairs_per_second=80430.4
15: disabled_median_throughput_pairs_per_second=79725.7
15: paired_median_throughput_regression_percent=0.936762
15: accepted_threshold_percent=2
15: uncertainty=single-process steady-clock; CPU affinity, scheduler load, DVFS, thermal state, and cache state are uncontrolled
15: claim=prototype fixture only; not a production performance claim
15: sample[0].baseline_latency_ns=12455.4
15: sample[0].disabled_latency_ns=12607.4
15: sample[0].latency_regression_percent=1.22046
15: sample[0].baseline_throughput_pairs_per_second=80286.4
15: sample[0].disabled_throughput_pairs_per_second=79318.4
15: sample[0].throughput_regression_percent=1.20575
15: sample[1].baseline_latency_ns=12424.6
15: sample[1].disabled_latency_ns=12550.6
15: sample[1].latency_regression_percent=1.01374
15: sample[1].baseline_throughput_pairs_per_second=80485.5
15: sample[1].disabled_throughput_pairs_per_second=79677.7
15: sample[1].throughput_regression_percent=1.00357
15: sample[2].baseline_latency_ns=12416.8
15: sample[2].disabled_latency_ns=12534.2
15: sample[2].latency_regression_percent=0.94562
15: sample[2].baseline_throughput_pairs_per_second=80536.3
15: sample[2].disabled_throughput_pairs_per_second=79781.9
15: sample[2].throughput_regression_percent=0.936762
15: sample[3].baseline_latency_ns=12442.2
15: sample[3].disabled_latency_ns=12524.4
15: sample[3].latency_regression_percent=0.660637
15: sample[3].baseline_throughput_pairs_per_second=80371.7
15: sample[3].disabled_throughput_pairs_per_second=79844.2
15: sample[3].throughput_regression_percent=0.656302
15: sample[4].baseline_latency_ns=12456.4
15: sample[4].disabled_latency_ns=12551.3
15: sample[4].latency_regression_percent=0.761957
15: sample[4].baseline_throughput_pairs_per_second=80280.3
15: sample[4].disabled_throughput_pairs_per_second=79673.2
15: sample[4].throughput_regression_percent=0.756195
15: sample[5].baseline_latency_ns=12434.9
15: sample[5].disabled_latency_ns=12525.1
15: sample[5].latency_regression_percent=0.725279
15: sample[5].baseline_throughput_pairs_per_second=80418.7
15: sample[5].disabled_throughput_pairs_per_second=79839.7
15: sample[5].throughput_regression_percent=0.720056
15: sample[6].baseline_latency_ns=12374.3
15: sample[6].disabled_latency_ns=12611
15: sample[6].latency_regression_percent=1.9128
15: sample[6].baseline_throughput_pairs_per_second=80812.7
15: sample[6].disabled_throughput_pairs_per_second=79296
15: sample[6].throughput_regression_percent=1.87689
15: sample[7].baseline_latency_ns=12401.9
15: sample[7].disabled_latency_ns=12531.4
15: sample[7].latency_regression_percent=1.04467
15: sample[7].baseline_throughput_pairs_per_second=80632.9
15: sample[7].disabled_throughput_pairs_per_second=79799.3
15: sample[7].throughput_regression_percent=1.03387
15: sample[8].baseline_latency_ns=12433.1
15: sample[8].disabled_latency_ns=12498.5
15: sample[8].latency_regression_percent=0.525688
15: sample[8].baseline_throughput_pairs_per_second=80430.4
15: sample[8].disabled_throughput_pairs_per_second=80009.8
15: sample[8].throughput_regression_percent=0.522939
15: sample[9].baseline_latency_ns=12467.2
15: sample[9].disabled_latency_ns=12523.8
15: sample[9].latency_regression_percent=0.453957
15: sample[9].baseline_throughput_pairs_per_second=80210.2
15: sample[9].disabled_throughput_pairs_per_second=79847.7
15: sample[9].throughput_regression_percent=0.451906
15: sample[10].baseline_latency_ns=12384.1
15: sample[10].disabled_latency_ns=12543.6
15: sample[10].latency_regression_percent=1.28765
15: sample[10].baseline_throughput_pairs_per_second=80748.6
15: sample[10].disabled_throughput_pairs_per_second=79722.1
15: sample[10].throughput_regression_percent=1.27128
15: sample[11].baseline_latency_ns=12426.9
15: sample[11].disabled_latency_ns=12543
15: sample[11].latency_regression_percent=0.934241
15: sample[11].baseline_throughput_pairs_per_second=80470.6
15: sample[11].disabled_throughput_pairs_per_second=79725.7
15: sample[11].throughput_regression_percent=0.925593
15: sample[12].baseline_latency_ns=12426.9
15: sample[12].disabled_latency_ns=12564
15: sample[12].latency_regression_percent=1.10273
15: sample[12].baseline_throughput_pairs_per_second=80470.4
15: sample[12].disabled_throughput_pairs_per_second=79592.7
15: sample[12].throughput_regression_percent=1.0907
15: sample[13].baseline_latency_ns=12455.7
15: sample[13].disabled_latency_ns=12511.3
15: sample[13].latency_regression_percent=0.447069
15: sample[13].baseline_throughput_pairs_per_second=80284.8
15: sample[13].disabled_throughput_pairs_per_second=79927.5
15: sample[13].throughput_regression_percent=0.445079
15: sample[14].baseline_latency_ns=12413.9
15: sample[14].disabled_latency_ns=12563.4
15: sample[14].latency_regression_percent=1.20424
15: sample[14].baseline_throughput_pairs_per_second=80554.6
15: sample[14].disabled_throughput_pairs_per_second=79596.1
15: sample[14].throughput_regression_percent=1.18991
15: sample[15].baseline_latency_ns=12445.5
15: sample[15].disabled_latency_ns=12574.5
15: sample[15].latency_regression_percent=1.03681
15: sample[15].baseline_throughput_pairs_per_second=80350.5
15: sample[15].disabled_throughput_pairs_per_second=79526
15: sample[15].throughput_regression_percent=1.02617
15: sample[16].baseline_latency_ns=12457.2
15: sample[16].disabled_latency_ns=12506.3
15: sample[16].latency_regression_percent=0.39475
15: sample[16].baseline_throughput_pairs_per_second=80275.2
15: sample[16].disabled_throughput_pairs_per_second=79959.5
15: sample[16].throughput_regression_percent=0.393198
15: sample[17].baseline_latency_ns=12421.8
15: sample[17].disabled_latency_ns=12558.9
15: sample[17].latency_regression_percent=1.10356
15: sample[17].baseline_throughput_pairs_per_second=80503.6
15: sample[17].disabled_throughput_pairs_per_second=79624.9
15: sample[17].throughput_regression_percent=1.09151
15: sample[18].baseline_latency_ns=12431.9
15: sample[18].disabled_latency_ns=12518.9
15: sample[18].latency_regression_percent=0.699334
15: sample[18].baseline_throughput_pairs_per_second=80438.1
15: sample[18].disabled_throughput_pairs_per_second=79879.5
15: sample[18].throughput_regression_percent=0.694477
15: sample[19].baseline_latency_ns=12444.6
15: sample[19].disabled_latency_ns=12576
15: sample[19].latency_regression_percent=1.05586
15: sample[19].baseline_throughput_pairs_per_second=80356.3
15: sample[19].disabled_throughput_pairs_per_second=79516.7
15: sample[19].throughput_regression_percent=1.04482
15: sample[20].baseline_latency_ns=12510.6
15: sample[20].disabled_latency_ns=12539.2
15: sample[20].latency_regression_percent=0.228427
15: sample[20].baseline_throughput_pairs_per_second=79932.3
15: sample[20].disabled_throughput_pairs_per_second=79750.1
15: sample[20].throughput_regression_percent=0.227907
15: latency_threshold=PASS
15: throughput_threshold=PASS
1/1 Test #15: xcom_observation_disabled_benchmark ...   Passed    2.76 sec

The following tests passed:
	xcom_observation_disabled_benchmark

100% tests passed, 0 tests failed out of 1

Label Time Summary:
observation    =   2.76 sec*proc (1 test)
performance    =   2.76 sec*proc (1 test)

Total Test time (real) =   2.76 sec
X-COM observation exact candidate: 25c650830c865c0ae0170a8eed53da7e8f076d8f
X-COM accepted predecessor validate_xcom_core_types.py evidence:
X-COM core-types all validation passed
X-COM accepted predecessor validate_xcom_endpoint_route_lifecycle.py evidence:
X-COM core-types all validation passed
X-COM endpoint/route lifecycle all validation passed
X-COM accepted predecessor validate_xcom_provider_loopback.py evidence:
X-COM core-types all validation passed
X-COM endpoint/route lifecycle all validation passed
X-COM provider-loopback all validation passed
X-COM observation all validation passed
